ssd1306.c:41:9:SSD1306_Init	8	static
ssd1306.c:98:6:SSD1306_UpdateScreen	16	static
ssd1306.c:119:6:SSD1306_ToggleInvert	16	static
ssd1306.c:137:6:SSD1306_Fill	24	static
ssd1306.c:153:6:SSD1306_DrawPixel	16	static
ssd1306.c:173:6:SSD1306_GotoXY	24	static
ssd1306.c:190:6:SSD1306_Putc	32	static
ssd1306.c:218:6:SSD1306_Puts	32	static
ssd1306.c:244:6:SSD1306_DrawLine	48	static
ssd1306.c:327:6:SSD1306_DrawRectangle	32	static
ssd1306.c:354:6:SSD1306_DrawFilledRectangle	40	static
ssd1306.c:461:6:SSD1306_DrawCircle	40	static
ssd1306.c:509:6:SSD1306_DrawFilledCircle	48	static
ssd1306.c:553:6:SSD1306_DrawBitmap	40	static
ssd1306.c:667:6:SSD1306_Stopscroll	16	static
ssd1306.c:679:6:SSD1306_InvertDisplay	24	static
ssd1306.c:692:6:SSD1306_Clear	8	static
ssd1306.c:701:6:SSD1306_ON	16	static
ssd1306.c:715:6:SSD1306_OFF	16	static
ssd1306.c:742:6:ssd1306_I2C_Init	8	static
ssd1306.c:767:6:ssd1306_I2C_Write	32	static
ssd1306.c:783:6:ssd1306_I2C_WriteMulti	296	static
