Archive member included to satisfy reference by file (symbol)

c:/st/stm32cubeide_1.6.0/stm32cubeide/plugins/com.st.stm32cube.ide.mcu.externaltools.gnu-tools-for-stm32.9-2020-q2-update.win32_2.0.0.202105311346/tools/bin/../lib/gcc/arm-none-eabi/9.3.1/../../../../arm-none-eabi/lib/thumb/v7-m/nofp\libc.a(lib_a-errno.o)
                              ./Core/Src/syscalls.o (__errno)
c:/st/stm32cubeide_1.6.0/stm32cubeide/plugins/com.st.stm32cube.ide.mcu.externaltools.gnu-tools-for-stm32.9-2020-q2-update.win32_2.0.0.202105311346/tools/bin/../lib/gcc/arm-none-eabi/9.3.1/../../../../arm-none-eabi/lib/thumb/v7-m/nofp\libc.a(lib_a-exit.o)
                              c:/st/stm32cubeide_1.6.0/stm32cubeide/plugins/com.st.stm32cube.ide.mcu.externaltools.gnu-tools-for-stm32.9-2020-q2-update.win32_2.0.0.202105311346/tools/bin/../lib/gcc/arm-none-eabi/9.3.1/../../../../arm-none-eabi/lib/thumb/v7-m/nofp/crt0.o (exit)
c:/st/stm32cubeide_1.6.0/stm32cubeide/plugins/com.st.stm32cube.ide.mcu.externaltools.gnu-tools-for-stm32.9-2020-q2-update.win32_2.0.0.202105311346/tools/bin/../lib/gcc/arm-none-eabi/9.3.1/../../../../arm-none-eabi/lib/thumb/v7-m/nofp\libc.a(lib_a-impure.o)
                              c:/st/stm32cubeide_1.6.0/stm32cubeide/plugins/com.st.stm32cube.ide.mcu.externaltools.gnu-tools-for-stm32.9-2020-q2-update.win32_2.0.0.202105311346/tools/bin/../lib/gcc/arm-none-eabi/9.3.1/../../../../arm-none-eabi/lib/thumb/v7-m/nofp\libc.a(lib_a-exit.o) (_global_impure_ptr)
c:/st/stm32cubeide_1.6.0/stm32cubeide/plugins/com.st.stm32cube.ide.mcu.externaltools.gnu-tools-for-stm32.9-2020-q2-update.win32_2.0.0.202105311346/tools/bin/../lib/gcc/arm-none-eabi/9.3.1/../../../../arm-none-eabi/lib/thumb/v7-m/nofp\libc.a(lib_a-init.o)
                              c:/st/stm32cubeide_1.6.0/stm32cubeide/plugins/com.st.stm32cube.ide.mcu.externaltools.gnu-tools-for-stm32.9-2020-q2-update.win32_2.0.0.202105311346/tools/bin/../lib/gcc/arm-none-eabi/9.3.1/../../../../arm-none-eabi/lib/thumb/v7-m/nofp/crt0.o (__libc_init_array)
c:/st/stm32cubeide_1.6.0/stm32cubeide/plugins/com.st.stm32cube.ide.mcu.externaltools.gnu-tools-for-stm32.9-2020-q2-update.win32_2.0.0.202105311346/tools/bin/../lib/gcc/arm-none-eabi/9.3.1/../../../../arm-none-eabi/lib/thumb/v7-m/nofp\libc.a(lib_a-memccpy.o)
                              ./Core/Src/gui.o (memccpy)
c:/st/stm32cubeide_1.6.0/stm32cubeide/plugins/com.st.stm32cube.ide.mcu.externaltools.gnu-tools-for-stm32.9-2020-q2-update.win32_2.0.0.202105311346/tools/bin/../lib/gcc/arm-none-eabi/9.3.1/../../../../arm-none-eabi/lib/thumb/v7-m/nofp\libc.a(lib_a-memcpy-stub.o)
                              ./Core/Src/gui.o (memcpy)
c:/st/stm32cubeide_1.6.0/stm32cubeide/plugins/com.st.stm32cube.ide.mcu.externaltools.gnu-tools-for-stm32.9-2020-q2-update.win32_2.0.0.202105311346/tools/bin/../lib/gcc/arm-none-eabi/9.3.1/../../../../arm-none-eabi/lib/thumb/v7-m/nofp\libc.a(lib_a-memset.o)
                              c:/st/stm32cubeide_1.6.0/stm32cubeide/plugins/com.st.stm32cube.ide.mcu.externaltools.gnu-tools-for-stm32.9-2020-q2-update.win32_2.0.0.202105311346/tools/bin/../lib/gcc/arm-none-eabi/9.3.1/../../../../arm-none-eabi/lib/thumb/v7-m/nofp/crt0.o (memset)
c:/st/stm32cubeide_1.6.0/stm32cubeide/plugins/com.st.stm32cube.ide.mcu.externaltools.gnu-tools-for-stm32.9-2020-q2-update.win32_2.0.0.202105311346/tools/bin/../lib/gcc/arm-none-eabi/9.3.1/../../../../arm-none-eabi/lib/thumb/v7-m/nofp\libc.a(lib_a-strcpy.o)
                              ./Core/Src/gui.o (strcpy)
c:/st/stm32cubeide_1.6.0/stm32cubeide/plugins/com.st.stm32cube.ide.mcu.externaltools.gnu-tools-for-stm32.9-2020-q2-update.win32_2.0.0.202105311346/tools/bin/../lib/gcc/arm-none-eabi/9.3.1/../../../../arm-none-eabi/lib/thumb/v7-m/nofp\libc.a(lib_a-strlen.o)
                              ./Core/Src/COM.o (strlen)
c:/st/stm32cubeide_1.6.0/stm32cubeide/plugins/com.st.stm32cube.ide.mcu.externaltools.gnu-tools-for-stm32.9-2020-q2-update.win32_2.0.0.202105311346/tools/bin/../lib/gcc/arm-none-eabi/9.3.1/../../../../arm-none-eabi/lib/thumb/v7-m/nofp\libc.a(lib_a-__call_atexit.o)
                              c:/st/stm32cubeide_1.6.0/stm32cubeide/plugins/com.st.stm32cube.ide.mcu.externaltools.gnu-tools-for-stm32.9-2020-q2-update.win32_2.0.0.202105311346/tools/bin/../lib/gcc/arm-none-eabi/9.3.1/../../../../arm-none-eabi/lib/thumb/v7-m/nofp\libc.a(lib_a-exit.o) (__call_exitprocs)
c:/st/stm32cubeide_1.6.0/stm32cubeide/plugins/com.st.stm32cube.ide.mcu.externaltools.gnu-tools-for-stm32.9-2020-q2-update.win32_2.0.0.202105311346/tools/bin/../lib/gcc/arm-none-eabi/9.3.1/../../../../arm-none-eabi/lib/thumb/v7-m/nofp\libc.a(lib_a-atexit.o)
                              c:/st/stm32cubeide_1.6.0/stm32cubeide/plugins/com.st.stm32cube.ide.mcu.externaltools.gnu-tools-for-stm32.9-2020-q2-update.win32_2.0.0.202105311346/tools/bin/../lib/gcc/arm-none-eabi/9.3.1/../../../../arm-none-eabi/lib/thumb/v7-m/nofp\libc.a(lib_a-__call_atexit.o) (atexit)
[...]
Memory Configuration

Name             Origin             Length             Attributes
RAM              0x0000000020000000 0x0000000000005000 xrw
FLASH            0x0000000008000000 0x0000000000010000 xr
*default*        0x0000000000000000 0xffffffffffffffff

Linker script and memory map

LOAD c:/st/stm32cubeide_1.6.0/stm32cubeide/plugins/com.st.stm32cube.ide.mcu.externaltools.gnu-tools-for-stm32.9-2020-q2-update.win32_2.0.0.202105311346/tools/bin/../lib/gcc/arm-none-eabi/9.3.1/thumb/v7-m/nofp/crti.o
LOAD c:/st/stm32cubeide_1.6.0/stm32cubeide/plugins/com.st.stm32cube.ide.mcu.externaltools.gnu-tools-for-stm32.9-2020-q2-update.win32_2.0.0.202105311346/tools/bin/../lib/gcc/arm-none-eabi/9.3.1/thumb/v7-m/nofp/crtbegin.o
LOAD c:/st/stm32cubeide_1.6.0/stm32cubeide/plugins/com.st.stm32cube.ide.mcu.externaltools.gnu-tools-for-stm32.9-2020-q2-update.win32_2.0.0.202105311346/tools/bin/../lib/gcc/arm-none-eabi/9.3.1/../../../../arm-none-eabi/lib/thumb/v7-m/nofp/crt0.o
LOAD ./Core/Src/COM.o
LOAD ./Core/Src/DIO.o
LOAD ./Core/Src/fonts.o
LOAD ./Core/Src/ftostr.o
LOAD ./Core/Src/gui.o
LOAD ./Core/Src/main.o
LOAD ./Core/Src/onewire.o
LOAD ./Core/Src/sensor.o
LOAD ./Core/Src/ssd1306.o
LOAD ./Core/Src/stm32f1xx_hal_msp.o
LOAD ./Core/Src/stm32f1xx_it.o
LOAD ./Core/Src/syscalls.o
LOAD ./Core/Src/sysmem.o
LOAD ./Core/Src/system_stm32f1xx.o
LOAD ./Core/Src/tareas.o
LOAD ./Core/Src/test.o
LOAD ./Core/Startup/startup_stm32f103c8tx.o
LOAD ./Drivers/STM32F1xx_HAL_Driver/Src/stm32f1xx_hal.o
LOAD ./Drivers/STM32F1xx_HAL_Driver/Src/stm32f1xx_hal_cortex.o
LOAD ./Drivers/STM32F1xx_HAL_Driver/Src/stm32f1xx_hal_dma.o
LOAD ./Drivers/STM32F1xx_HAL_Driver/Src/stm32f1xx_hal_exti.o
LOAD ./Drivers/STM32F1xx_HAL_Driver/Src/stm32f1xx_hal_flash.o
LOAD ./Drivers/STM32F1xx_HAL_Driver/Src/stm32f1xx_hal_flash_ex.o
LOAD ./Drivers/STM32F1xx_HAL_Driver/Src/stm32f1xx_hal_gpio.o
LOAD ./Drivers/STM32F1xx_HAL_Driver/Src/stm32f1xx_hal_gpio_ex.o
LOAD ./Drivers/STM32F1xx_HAL_Driver/Src/stm32f1xx_hal_i2c.o
LOAD ./Drivers/STM32F1xx_HAL_Driver/Src/stm32f1xx_hal_pwr.o
LOAD ./Drivers/STM32F1xx_HAL_Driver/Src/stm32f1xx_hal_rcc.o
LOAD ./Drivers/STM32F1xx_HAL_Driver/Src/stm32f1xx_hal_rcc_ex.o
LOAD ./Drivers/STM32F1xx_HAL_Driver/Src/stm32f1xx_hal_tim.o
LOAD ./Drivers/STM32F1xx_HAL_Driver/Src/stm32f1xx_hal_tim_ex.o
LOAD ./Drivers/STM32F1xx_HAL_Driver/Src/stm32f1xx_hal_uart.o
LOAD ./Micrium/Software/uC-CPU/ARM-Cortex-M/ARMv7-M/GNU/cpu_a.o
LOAD ./Micrium/Software/uC-CPU/ARM-Cortex-M/ARMv7-M/cpu_c.o
LOAD ./Micrium/Software/uC-CPU/cpu_core.o
LOAD ./Micrium/Software/uC-LIB/lib_ascii.o
LOAD ./Micrium/Software/uC-LIB/lib_math.o
LOAD ./Micrium/Software/uC-LIB/lib_mem.o
LOAD ./Micrium/Software/uC-LIB/lib_str.o
LOAD ./Micrium/Software/uCOS-II/Ports/ARM-Cortex-M/ARMv7-M/GNU/os_cpu_a.o
LOAD ./Micrium/Software/uCOS-II/Ports/ARM-Cortex-M/ARMv7-M/GNU/os_dbg.o
LOAD ./Micrium/Software/uCOS-II/Ports/ARM-Cortex-M/ARMv7-M/os_cpu_c.o
LOAD ./Micrium/Software/uCOS-II/Source/os_core.o
LOAD ./Micrium/Software/uCOS-II/Source/os_flag.o
LOAD ./Micrium/Software/uCOS-II/Source/os_mbox.o
LOAD ./Micrium/Software/uCOS-II/Source/os_mem.o
LOAD ./Micrium/Software/uCOS-II/Source/os_mutex.o
LOAD ./Micrium/Software/uCOS-II/Source/os_q.o
LOAD ./Micrium/Software/uCOS-II/Source/os_sem.o
LOAD ./Micrium/Software/uCOS-II/Source/os_task.o
LOAD ./Micrium/Software/uCOS-II/Source/os_time.o
LOAD ./Micrium/Software/uCOS-II/Source/os_tmr.o
LOAD ./Micrium/Template/OS2/app_hooks.o
START GROUP
LOAD c:/st/stm32cubeide_1.6.0/stm32cubeide/plugins/com.st.stm32cube.ide.mcu.externaltools.gnu-tools-for-stm32.9-2020-q2-update.win32_2.0.0.202105311346/tools/bin/../lib/gcc/arm-none-eabi/9.3.1/../../../../arm-none-eabi/lib/thumb/v7-m/nofp\libc.a
LOAD c:/st/stm32cubeide_1.6.0/stm32cubeide/plugins/com.st.stm32cube.ide.mcu.externaltools.gnu-tools-for-stm32.9-2020-q2-update.win32_2.0.0.202105311346/tools/bin/../lib/gcc/arm-none-eabi/9.3.1/../../../../arm-none-eabi/lib/thumb/v7-m/nofp\libm.a
END GROUP
START GROUP
LOAD c:/st/stm32cubeide_1.6.0/stm32cubeide/plugins/com.st.stm32cube.ide.mcu.externaltools.gnu-tools-for-stm32.9-2020-q2-update.win32_2.0.0.202105311346/tools/bin/../lib/gcc/arm-none-eabi/9.3.1/thumb/v7-m/nofp\libgcc.a
LOAD c:/st/stm32cubeide_1.6.0/stm32cubeide/plugins/com.st.stm32cube.ide.mcu.externaltools.gnu-tools-for-stm32.9-2020-q2-update.win32_2.0.0.202105311346/tools/bin/../lib/gcc/arm-none-eabi/9.3.1/../../../../arm-none-eabi/lib/thumb/v7-m/nofp\libc.a
END GROUP
START GROUP
LOAD c:/st/stm32cubeide_1.6.0/stm32cubeide/plugins/com.st.stm32cube.ide.mcu.externaltools.gnu-tools-for-stm32.9-2020-q2-update.win32_2.0.0.202105311346/tools/bin/../lib/gcc/arm-none-eabi/9.3.1/thumb/v7-m/nofp\libgcc.a
LOAD c:/st/stm32cubeide_1.6.0/stm32cubeide/plugins/com.st.stm32cube.ide.mcu.externaltools.gnu-tools-for-stm32.9-2020-q2-update.win32_2.0.0.202105311346/tools/bin/../lib/gcc/arm-none-eabi/9.3.1/../../../../arm-none-eabi/lib/thumb/v7-m/nofp\libc.a
LOAD c:/st/stm32cubeide_1.6.0/stm32cubeide/plugins/com.st.stm32cube.ide.mcu.externaltools.gnu-tools-for-stm32.9-2020-q2-update.win32_2.0.0.202105311346/tools/bin/../lib/gcc/arm-none-eabi/9.3.1/../../../../arm-none-eabi/lib/thumb/v7-m/nofp\libnosys.a
END GROUP
LOAD c:/st/stm32cubeide_1.6.0/stm32cubeide/plugins/com.st.stm32cube.ide.mcu.externaltools.gnu-tools-for-stm32.9-2020-q2-update.win32_2.0.0.202105311346/tools/bin/../lib/gcc/arm-none-eabi/9.3.1/thumb/v7-m/nofp/crtend.o
LOAD c:/st/stm32cubeide_1.6.0/stm32cubeide/plugins/com.st.stm32cube.ide.mcu.externaltools.gnu-tools-for-stm32.9-2020-q2-update.win32_2.0.0.202105311346/tools/bin/../lib/gcc/arm-none-eabi/9.3.1/thumb/v7-m/nofp/crtn.o
                0x0000000020005000                _estack = (ORIGIN (RAM) + LENGTH (RAM))
                0x0000000000000200                _Min_Heap_Size = 0x200
                0x0000000000000400                _Min_Stack_Size = 0x400

.isr_vector     0x0000000008000000      0x10c
                0x0000000008000000                . = ALIGN (0x4)
 *(.isr_vector)
 .isr_vector    0x0000000008000000      0x10c ./Core/Startup/startup_stm32f103c8tx.o
                0x0000000008000000                g_pfnVectors
                0x000000000800010c                . = ALIGN (0x4)

.text           0x0000000008000110     0xacbc
                0x0000000008000110                . = ALIGN (0x4)
 *(.text)
 .text          0x0000000008000110       0x40 c:/st/stm32cubeide_1.6.0/stm32cubeide/plugins/com.st.stm32cube.ide.mcu.externaltools.gnu-tools-for-stm32.9-2020-q2-update.win32_2.0.0.202105311346/tools/bin/../lib/gcc/arm-none-eabi/9.3.1/thumb/v7-m/nofp/crtbegin.o
 .text          0x0000000008000150       0x54 ./Micrium/Software/uC-CPU/ARM-Cortex-M/ARMv7-M/GNU/cpu_a.o
                0x0000000008000150                CPU_IntDis
                0x0000000008000154                CPU_IntEn
                0x0000000008000158                CPU_SR_Save
                0x0000000008000174                CPU_SR_Restore
                0x0000000008000186                CPU_WaitForInt
                0x000000000800018a                CPU_WaitForExcept
                0x000000000800018e                CPU_CntLeadZeros
                0x0000000008000194                CPU_CntTrailZeros
                0x000000000800019e                CPU_RevBits
 .text          0x00000000080001a4      0x12c ./Micrium/Software/uCOS-II/Ports/ARM-Cortex-M/ARMv7-M/GNU/os_cpu_a.o
                0x00000000080001a4                OS_CPU_SR_Save
                0x00000000080001c0                OS_CPU_SR_Restore
                0x00000000080001d2                OSStartHighRdy
                0x0000000008000252                OSIntCtxSw
                0x0000000008000252                OSCtxSw
                0x000000000800025c                OS_CPU_PendSVHandler
 .text          0x00000000080002d0       0x10 c:/st/stm32cubeide_1.6.0/stm32cubeide/plugins/com.st.stm32cube.ide.mcu.externaltools.gnu-tools-for-stm32.9-2020-q2-update.win32_2.0.0.202105311346/tools/bin/../lib/gcc/arm-none-eabi/9.3.1/../../../../arm-none-eabi/lib/thumb/v7-m/nofp\libc.a(lib_a-strlen.o)
                0x00000000080002d0                strlen
 .text          0x00000000080002e0      0x378 c:/st/stm32cubeide_1.6.0/stm32cubeide/plugins/com.st.stm32cube.ide.mcu.externaltools.gnu-tools-for-stm32.9-2020-q2-update.win32_2.0.0.202105311346/tools/bin/../lib/gcc/arm-none-eabi/9.3.1/thumb/v7-m/nofp\libgcc.a(_arm_addsubdf3.o)
                0x00000000080002e0                __aeabi_drsub
                0x00000000080002e8                __aeabi_dsub
                0x00000000080002e8                __subdf3
                0x00000000080002ec                __aeabi_dadd
                0x00000000080002ec                __adddf3
                0x0000000008000564                __floatunsidf
                0x0000000008000564                __aeabi_ui2d
                0x0000000008000584                __floatsidf
                0x0000000008000584                __aeabi_i2d
                0x00000000080005a8                __aeabi_f2d
                0x00000000080005a8                __extendsfdf2
                0x00000000080005ec                __floatundidf
                0x00000000080005ec                __aeabi_ul2d
                0x00000000080005fc                __floatdidf
                0x00000000080005fc                __aeabi_l2d
 .text          0x0000000008000658      0x424 c:/st/stm32cubeide_1.6.0/stm32cubeide/plugins/com.st.stm32cube.ide.mcu.externaltools.gnu-tools-for-stm32.9-2020-q2-update.win32_2.0.0.202105311346/tools/bin/../lib/gcc/arm-none-eabi/9.3.1/thumb/v7-m/nofp\libgcc.a(_arm_muldivdf3.o)
                0x0000000008000658                __aeabi_dmul
                0x0000000008000658                __muldf3
                0x00000000080008ac                __divdf3
                0x00000000080008ac                __aeabi_ddiv
 .text          0x0000000008000a7c      0x110 c:/st/stm32cubeide_1.6.0/stm32cubeide/plugins/com.st.stm32cube.ide.mcu.externaltools.gnu-tools-for-stm32.9-2020-q2-update.win32_2.0.0.202105311346/tools/bin/../lib/gcc/arm-none-eabi/9.3.1/thumb/v7-m/nofp\libgcc.a(_arm_cmpdf2.o)
                0x0000000008000a7c                __gtdf2
                0x0000000008000a7c                __gedf2
                0x0000000008000a84                __ltdf2
                0x0000000008000a84                __ledf2
                0x0000000008000a8c                __nedf2
                0x0000000008000a8c                __eqdf2
                0x0000000008000a8c                __cmpdf2
                0x0000000008000b08                __aeabi_cdrcmple
                0x0000000008000b18                __aeabi_cdcmpeq
                0x0000000008000b18                __aeabi_cdcmple
                0x0000000008000b28                __aeabi_dcmpeq
                0x0000000008000b3c                __aeabi_dcmplt
                0x0000000008000b50                __aeabi_dcmple
                0x0000000008000b64                __aeabi_dcmpge
                0x0000000008000b78                __aeabi_dcmpgt
 .text          0x0000000008000b8c       0x2c c:/st/stm32cubeide_1.6.0/stm32cubeide/plugins/com.st.stm32cube.ide.mcu.externaltools.gnu-tools-for-stm32.9-2020-q2-update.win32_2.0.0.202105311346/tools/bin/../lib/gcc/arm-none-eabi/9.3.1/thumb/v7-m/nofp\libgcc.a(_arm_unorddf2.o)
                0x0000000008000b8c                __unorddf2
                0x0000000008000b8c                __aeabi_dcmpun
 .text          0x0000000008000bb8       0xa0 c:/st/stm32cubeide_1.6.0/stm32cubeide/plugins/com.st.stm32cube.ide.mcu.externaltools.gnu-tools-for-stm32.9-2020-q2-update.win32_2.0.0.202105311346/tools/bin/../lib/gcc/arm-none-eabi/9.3.1/thumb/v7-m/nofp\libgcc.a(_arm_truncdfsf2.o)
                0x0000000008000bb8                __truncdfsf2
                0x0000000008000bb8                __aeabi_d2f
 .text          0x0000000008000c58      0x21c c:/st/stm32cubeide_1.6.0/stm32cubeide/plugins/com.st.stm32cube.ide.mcu.externaltools.gnu-tools-for-stm32.9-2020-q2-update.win32_2.0.0.202105311346/tools/bin/../lib/gcc/arm-none-eabi/9.3.1/thumb/v7-m/nofp\libgcc.a(_arm_addsubsf3.o)
                0x0000000008000c58                __aeabi_frsub
                0x0000000008000c60                __subsf3
                0x0000000008000c60                __aeabi_fsub
                0x0000000008000c64                __aeabi_fadd
                0x0000000008000c64                __addsf3
                0x0000000008000dc4                __aeabi_ui2f
                0x0000000008000dc4                __floatunsisf
                0x0000000008000dcc                __aeabi_i2f
                0x0000000008000dcc                __floatsisf
                0x0000000008000de8                __aeabi_ul2f
                0x0000000008000de8                __floatundisf
                0x0000000008000df8                __aeabi_l2f
                0x0000000008000df8                __floatdisf
 .text          0x0000000008000e74       0xec c:/st/stm32cubeide_1.6.0/stm32cubeide/plugins/com.st.stm32cube.ide.mcu.externaltools.gnu-tools-for-stm32.9-2020-q2-update.win32_2.0.0.202105311346/tools/bin/../lib/gcc/arm-none-eabi/9.3.1/thumb/v7-m/nofp\libgcc.a(_arm_cmpsf2.o)
                0x0000000008000e74                __gesf2
                0x0000000008000e74                __gtsf2
                0x0000000008000e7c                __lesf2
                0x0000000008000e7c                __ltsf2
                0x0000000008000e84                __nesf2
                0x0000000008000e84                __eqsf2
                0x0000000008000e84                __cmpsf2
                0x0000000008000ee4                __aeabi_cfrcmple
                0x0000000008000eec                __aeabi_cfcmpeq
                0x0000000008000eec                __aeabi_cfcmple
                0x0000000008000efc                __aeabi_fcmpeq
                0x0000000008000f10                __aeabi_fcmplt
                0x0000000008000f24                __aeabi_fcmple
                0x0000000008000f38                __aeabi_fcmpge
                0x0000000008000f4c                __aeabi_fcmpgt
 .text          0x0000000008000f60       0x4c c:/st/stm32cubeide_1.6.0/stm32cubeide/plugins/com.st.stm32cube.ide.mcu.externaltools.gnu-tools-for-stm32.9-2020-q2-update.win32_2.0.0.202105311346/tools/bin/../lib/gcc/arm-none-eabi/9.3.1/thumb/v7-m/nofp\libgcc.a(_arm_fixsfsi.o)
                0x0000000008000f60                __aeabi_f2iz
                0x0000000008000f60                __fixsfsi
 .text          0x0000000008000fac       0x40 c:/st/stm32cubeide_1.6.0/stm32cubeide/plugins/com.st.stm32cube.ide.mcu.externaltools.gnu-tools-for-stm32.9-2020-q2-update.win32_2.0.0.202105311346/tools/bin/../lib/gcc/arm-none-eabi/9.3.1/thumb/v7-m/nofp\libgcc.a(_arm_fixunssfsi.o)
                0x0000000008000fac                __fixunssfsi
                0x0000000008000fac                __aeabi_f2uiz
 *(.text*)
 .text.COMInit  0x0000000008000fec       0x64 ./Core/Src/COM.o
                0x0000000008000fec                COMInit
 .text.COMPuts  0x0000000008001050       0x54 ./Core/Src/COM.o
                0x0000000008001050                COMPuts
 .text.COMGets  0x00000000080010a4       0x2c ./Core/Src/COM.o
                0x00000000080010a4                COMGets
 .text.DICfgEdgeDetectFnct
                0x00000000080010d0       0x44 ./Core/Src/DIO.o
                0x00000000080010d0                DICfgEdgeDetectFnct
 .text.DICfgMode
                0x0000000008001114       0x40 ./Core/Src/DIO.o
                0x0000000008001114                DICfgMode
 .text.DIClr    0x0000000008001154       0x54 ./Core/Src/DIO.o
                0x0000000008001154                DIClr
 .text.DIGet    0x00000000080011a8       0x40 ./Core/Src/DIO.o
                0x00000000080011a8                DIGet
 .text.DIIsTrig
                0x00000000080011e8       0xbc ./Core/Src/DIO.o
 .text.DIUpdate
                0x00000000080012a4      0x108 ./Core/Src/DIO.o
 .text.DIOInit  0x00000000080013ac       0xc8 ./Core/Src/DIO.o
                0x00000000080013ac                DIOInit
 .text.DIOTask  0x0000000008001474       0x20 ./Core/Src/DIO.o
 .text.DOUpdate
                0x0000000008001494       0x8c ./Core/Src/DIO.o
 .text.DIOInitIO
                0x0000000008001520       0x58 ./Core/Src/DIO.o
                0x0000000008001520                DIOInitIO
 .text.DIRd     0x0000000008001578       0x5c ./Core/Src/DIO.o
                0x0000000008001578                DIRd
 .text.DOWr     0x00000000080015d4       0x58 ./Core/Src/DIO.o
                0x00000000080015d4                DOWr
 .text.reverse  0x000000000800162c       0x5c ./Core/Src/ftostr.o
                0x000000000800162c                reverse
 .text.intToStr
                0x0000000008001688       0x94 ./Core/Src/ftostr.o
                0x0000000008001688                intToStr
 .text.decToStr
                0x000000000800171c       0x90 ./Core/Src/ftostr.o
                0x000000000800171c                decToStr
 .text.ftostr   0x00000000080017ac       0xf8 ./Core/Src/ftostr.o
                0x00000000080017ac                ftostr
 .text.hexToStr
                0x00000000080018a4       0x92 ./Core/Src/ftostr.o
                0x00000000080018a4                hexToStr
 *fill*         0x0000000008001936        0x2 
 .text.guiInit  0x0000000008001938       0x3c ./Core/Src/gui.o
                0x0000000008001938                guiInit
 .text.guiInitMenu
                0x0000000008001974       0x44 ./Core/Src/gui.o
                0x0000000008001974                guiInitMenu
 .text.guiTitle
                0x00000000080019b8       0x54 ./Core/Src/gui.o
                0x00000000080019b8                guiTitle
 .text.guiItem  0x0000000008001a0c       0x44 ./Core/Src/gui.o
                0x0000000008001a0c                guiItem
 .text.guiItemSelected
                0x0000000008001a50       0x6c ./Core/Src/gui.o
                0x0000000008001a50                guiItemSelected
 .text.guiPress
                0x0000000008001abc       0x70 ./Core/Src/gui.o
                0x0000000008001abc                guiPress
 .text.guiFinishMenu
                0x0000000008001b2c       0x28 ./Core/Src/gui.o
                0x0000000008001b2c                guiFinishMenu
 .text.guiShowMenu
                0x0000000008001b54       0xe8 ./Core/Src/gui.o
                0x0000000008001b54                guiShowMenu
 .text.guiMessageBox
                0x0000000008001c3c       0xbc ./Core/Src/gui.o
                0x0000000008001c3c                guiMessageBox
 .text.guiStat  0x0000000008001cf8      0x194 ./Core/Src/gui.o
                0x0000000008001cf8                guiStat
 .text.guiBitmap
                0x0000000008001e8c       0x30 ./Core/Src/gui.o
                0x0000000008001e8c                guiBitmap
 .text.guiTemp  0x0000000008001ebc      0x2a4 ./Core/Src/gui.o
                0x0000000008001ebc                guiTemp
 .text.main     0x0000000008002160       0x90 ./Core/Src/main.o
                0x0000000008002160                main
 .text.SystemClock_Config
                0x00000000080021f0       0x8a ./Core/Src/main.o
                0x00000000080021f0                SystemClock_Config
 *fill*         0x000000000800227a        0x2 
 .text.MX_I2C1_Init
                0x000000000800227c       0x5c ./Core/Src/main.o
 .text.MX_TIM1_Init
                0x00000000080022d8       0xa0 ./Core/Src/main.o
 .text.MX_USART1_UART_Init
                0x0000000008002378       0x54 ./Core/Src/main.o
 .text.MX_GPIO_Init
                0x00000000080023cc       0xd8 ./Core/Src/main.o
 .text.HAL_InitTick
                0x00000000080024a4       0x14 ./Core/Src/main.o
                0x00000000080024a4                HAL_InitTick
 .text.HAL_GetTick
                0x00000000080024b8       0x16 ./Core/Src/main.o
                0x00000000080024b8                HAL_GetTick
 .text.Error_Handler
                0x00000000080024ce        0xc ./Core/Src/main.o
                0x00000000080024ce                Error_Handler
 *fill*         0x00000000080024da        0x2 
 .text.OW_Init  0x00000000080024dc       0x3c ./Core/Src/onewire.o
                0x00000000080024dc                OW_Init
 .text.OW_Reset
                0x0000000008002518       0x5e ./Core/Src/onewire.o
                0x0000000008002518                OW_Reset
 .text.OW_Write_bit
                0x0000000008002576       0x56 ./Core/Src/onewire.o
                0x0000000008002576                OW_Write_bit
 .text.OW_Read_bit
                0x00000000080025cc       0x44 ./Core/Src/onewire.o
                0x00000000080025cc                OW_Read_bit
 .text.OW_Write
                0x0000000008002610       0x40 ./Core/Src/onewire.o
                0x0000000008002610                OW_Write
 .text.OW_Read  0x0000000008002650       0x42 ./Core/Src/onewire.o
                0x0000000008002650                OW_Read
 .text.OW_Reset_Search
                0x0000000008002692       0x44 ./Core/Src/onewire.o
                0x0000000008002692                OW_Reset_Search
 .text.OW_Search
                0x00000000080026d6      0x19a ./Core/Src/onewire.o
                0x00000000080026d6                OW_Search
 .text.OW_First
                0x0000000008002870       0x20 ./Core/Src/onewire.o
                0x0000000008002870                OW_First
 .text.OW_Next  0x0000000008002890       0x1a ./Core/Src/onewire.o
                0x0000000008002890                OW_Next
 .text.OW_Select
                0x00000000080028aa       0x3e ./Core/Src/onewire.o
                0x00000000080028aa                OW_Select
 .text.OW_GetFullROM
                0x00000000080028e8       0x38 ./Core/Src/onewire.o
                0x00000000080028e8                OW_GetFullROM
 .text.OW_Config_Timer
                0x0000000008002920        0xc ./Core/Src/onewire.o
                0x0000000008002920                OW_Config_Timer
 .text.OW_Delay
                0x000000000800292c       0x30 ./Core/Src/onewire.o
                0x000000000800292c                OW_Delay
 .text.OW_Set_Pin_Output
                0x000000000800295c       0x32 ./Core/Src/onewire.o
                0x000000000800295c                OW_Set_Pin_Output
 .text.OW_Set_Pin_Input
                0x000000000800298e       0x32 ./Core/Src/onewire.o
                0x000000000800298e                OW_Set_Pin_Input
 .text.OW_PinLow
                0x00000000080029c0       0x1e ./Core/Src/onewire.o
                0x00000000080029c0                OW_PinLow
 *fill*         0x00000000080029de        0x2 
 .text.DS18B20_Init
                0x00000000080029e0       0x8c ./Core/Src/sensor.o
                0x00000000080029e0                DS18B20_Init
 .text.DS18B20_Del
                0x0000000008002a6c       0x74 ./Core/Src/sensor.o
                0x0000000008002a6c                DS18B20_Del
 .text.DS18B20_StartAll
                0x0000000008002ae0       0x24 ./Core/Src/sensor.o
                0x0000000008002ae0                DS18B20_StartAll
 .text.DS18B20_Read
                0x0000000008002b04      0x144 ./Core/Src/sensor.o
                0x0000000008002b04                DS18B20_Read
 .text.DS18B20_ReadAll
                0x0000000008002c48       0x70 ./Core/Src/sensor.o
                0x0000000008002c48                DS18B20_ReadAll
 .text.DS18B20_Is18xxx
                0x0000000008002cb8       0x48 ./Core/Src/sensor.o
                0x0000000008002cb8                DS18B20_Is18xxx
 .text.DS18B20_AllDone
                0x0000000008002d00       0x18 ./Core/Src/sensor.o
                0x0000000008002d00                DS18B20_AllDone
 .text.DS18B20_Quantity
                0x0000000008002d18       0x14 ./Core/Src/sensor.o
                0x0000000008002d18                DS18B20_Quantity
 .text.DS18B20_GetTempC
                0x0000000008002d2c       0x68 ./Core/Src/sensor.o
                0x0000000008002d2c                DS18B20_GetTempC
 *fill*         0x0000000008002d94        0x4 
 .text.DS18B20_GetTempF
                0x0000000008002d98       0x88 ./Core/Src/sensor.o
                0x0000000008002d98                DS18B20_GetTempF
 .text.SSD1306_Init
                0x0000000008002e20      0x17c ./Core/Src/ssd1306.o
                0x0000000008002e20                SSD1306_Init
 .text.SSD1306_UpdateScreen
                0x0000000008002f9c       0x78 ./Core/Src/ssd1306.o
                0x0000000008002f9c                SSD1306_UpdateScreen
 .text.SSD1306_Fill
                0x0000000008003014       0x4c ./Core/Src/ssd1306.o
                0x0000000008003014                SSD1306_Fill
 .text.SSD1306_DrawPixel
                0x0000000008003060       0xbc ./Core/Src/ssd1306.o
                0x0000000008003060                SSD1306_DrawPixel
 .text.SSD1306_GotoXY
                0x000000000800311c       0x48 ./Core/Src/ssd1306.o
                0x000000000800311c                SSD1306_GotoXY
 .text.SSD1306_Putc
                0x0000000008003164      0x100 ./Core/Src/ssd1306.o
                0x0000000008003164                SSD1306_Putc
 .text.SSD1306_Puts
                0x0000000008003264       0x74 ./Core/Src/ssd1306.o
                0x0000000008003264                SSD1306_Puts
 .text.SSD1306_DrawLine
                0x00000000080032d8      0x228 ./Core/Src/ssd1306.o
                0x00000000080032d8                SSD1306_DrawLine
 .text.SSD1306_DrawRectangle
                0x0000000008003500       0xd4 ./Core/Src/ssd1306.o
                0x0000000008003500                SSD1306_DrawRectangle
 .text.SSD1306_DrawFilledRectangle
                0x00000000080035d4       0x9a ./Core/Src/ssd1306.o
                0x00000000080035d4                SSD1306_DrawFilledRectangle
 *fill*         0x000000000800366e        0x2 
 .text.SSD1306_DrawCircle
                0x0000000008003670      0x1c4 ./Core/Src/ssd1306.o
                0x0000000008003670                SSD1306_DrawCircle
 .text.SSD1306_DrawFilledCircle
                0x0000000008003834      0x1d4 ./Core/Src/ssd1306.o
                0x0000000008003834                SSD1306_DrawFilledCircle
 .text.SSD1306_DrawBitmap
                0x0000000008003a08       0xec ./Core/Src/ssd1306.o
                0x0000000008003a08                SSD1306_DrawBitmap
 .text.SSD1306_Clear
                0x0000000008003af4       0x12 ./Core/Src/ssd1306.o
                0x0000000008003af4                SSD1306_Clear
 *fill*         0x0000000008003b06        0x2 
 .text.ssd1306_I2C_Init
                0x0000000008003b08       0x5c ./Core/Src/ssd1306.o
                0x0000000008003b08                ssd1306_I2C_Init
 .text.ssd1306_I2C_Write
                0x0000000008003b64       0x3c ./Core/Src/ssd1306.o
                0x0000000008003b64                ssd1306_I2C_Write
 .text.ssd1306_I2C_WriteMulti
                0x0000000008003ba0       0x90 ./Core/Src/ssd1306.o
                0x0000000008003ba0                ssd1306_I2C_WriteMulti
 .text.HAL_MspInit
                0x0000000008003c30       0x64 ./Core/Src/stm32f1xx_hal_msp.o
                0x0000000008003c30                HAL_MspInit
 .text.HAL_I2C_MspInit
                0x0000000008003c94       0x7c ./Core/Src/stm32f1xx_hal_msp.o
                0x0000000008003c94                HAL_I2C_MspInit
 .text.HAL_TIM_Base_MspInit
                0x0000000008003d10       0x3c ./Core/Src/stm32f1xx_hal_msp.o
                0x0000000008003d10                HAL_TIM_Base_MspInit
 .text.HAL_UART_MspInit
                0x0000000008003d4c       0x98 ./Core/Src/stm32f1xx_hal_msp.o
                0x0000000008003d4c                HAL_UART_MspInit
 .text.NMI_Handler
                0x0000000008003de4        0xc ./Core/Src/stm32f1xx_it.o
                0x0000000008003de4                NMI_Handler
 .text.HardFault_Handler
                0x0000000008003df0        0x6 ./Core/Src/stm32f1xx_it.o
                0x0000000008003df0                HardFault_Handler
 .text.MemManage_Handler
                0x0000000008003df6        0x6 ./Core/Src/stm32f1xx_it.o
                0x0000000008003df6                MemManage_Handler
 .text.BusFault_Handler
                0x0000000008003dfc        0x6 ./Core/Src/stm32f1xx_it.o
                0x0000000008003dfc                BusFault_Handler
 .text.UsageFault_Handler
                0x0000000008003e02        0x6 ./Core/Src/stm32f1xx_it.o
                0x0000000008003e02                UsageFault_Handler
 .text.SVC_Handler
                0x0000000008003e08        0xc ./Core/Src/stm32f1xx_it.o
                0x0000000008003e08                SVC_Handler
 .text.DebugMon_Handler
                0x0000000008003e14        0xc ./Core/Src/stm32f1xx_it.o
                0x0000000008003e14                DebugMon_Handler
 .text.SystemInit
                0x0000000008003e20       0x68 ./Core/Src/system_stm32f1xx.o
                0x0000000008003e20                SystemInit
 .text.StartupTask
                0x0000000008003e88       0x32 ./Core/Src/tareas.o
                0x0000000008003e88                StartupTask
 *fill*         0x0000000008003eba        0x2 
 .text.Task1    0x0000000008003ebc      0x158 ./Core/Src/tareas.o
                0x0000000008003ebc                Task1
 .text.Task2    0x0000000008004014       0xc0 ./Core/Src/tareas.o
                0x0000000008004014                Task2
 .text.Task3    0x00000000080040d4      0x358 ./Core/Src/tareas.o
                0x00000000080040d4                Task3
 .text.Task4    0x000000000800442c       0xc4 ./Core/Src/tareas.o
                0x000000000800442c                Task4
 .text.TaskStat
                0x00000000080044f0       0x30 ./Core/Src/tareas.o
                0x00000000080044f0                TaskStat
 .text.TaskBlink
                0x0000000008004520       0x3c ./Core/Src/tareas.o
                0x0000000008004520                TaskBlink
 .text.App_TaskCreate
                0x000000000800455c      0x190 ./Core/Src/tareas.o
                0x000000000800455c                App_TaskCreate
 .text.App_EventCreate
                0x00000000080046ec       0xb0 ./Core/Src/tareas.o
                0x00000000080046ec                App_EventCreate
 .text.App_InitModules
                0x000000000800479c       0x1a ./Core/Src/tareas.o
                0x000000000800479c                App_InitModules
 *fill*         0x00000000080047b6        0x2 
 .text.EdgeAFnct
                0x00000000080047b8       0x24 ./Core/Src/tareas.o
                0x00000000080047b8                EdgeAFnct
 .text.EdgeButFnct
                0x00000000080047dc       0x24 ./Core/Src/tareas.o
                0x00000000080047dc                EdgeButFnct
 .text.menuCom  0x0000000008004800       0x58 ./Core/Src/tareas.o
                0x0000000008004800                menuCom
 .text.TestOLED
                0x0000000008004858       0x36 ./Core/Src/tareas.o
                0x0000000008004858                TestOLED
 *fill*         0x000000000800488e        0x2 
 .text.SensorTable
                0x0000000008004890      0x19c ./Core/Src/tareas.o
                0x0000000008004890                SensorTable
 .text.TestLines
                0x0000000008004a2c      0x1f2 ./Core/Src/test.o
                0x0000000008004a2c                TestLines
 .text.TestCircles
                0x0000000008004c1e       0x84 ./Core/Src/test.o
                0x0000000008004c1e                TestCircles
 .text.TestFilledCircles
                0x0000000008004ca2       0x80 ./Core/Src/test.o
                0x0000000008004ca2                TestFilledCircles
 *fill*         0x0000000008004d22        0x2 
 .text.Reset_Handler
                0x0000000008004d24       0x48 ./Core/Startup/startup_stm32f103c8tx.o
                0x0000000008004d24                Reset_Handler
 .text.Default_Handler
                0x0000000008004d6c        0x2 ./Core/Startup/startup_stm32f103c8tx.o
                0x0000000008004d6c                RTC_Alarm_IRQHandler
                0x0000000008004d6c                EXTI2_IRQHandler
                0x0000000008004d6c                TIM1_CC_IRQHandler
                0x0000000008004d6c                PVD_IRQHandler
                0x0000000008004d6c                EXTI3_IRQHandler
                0x0000000008004d6c                EXTI0_IRQHandler
                0x0000000008004d6c                I2C2_EV_IRQHandler
                0x0000000008004d6c                ADC1_2_IRQHandler
                0x0000000008004d6c                SPI1_IRQHandler
                0x0000000008004d6c                TAMPER_IRQHandler
                0x0000000008004d6c                DMA1_Channel4_IRQHandler
                0x0000000008004d6c                USART3_IRQHandler
                0x0000000008004d6c                RTC_IRQHandler
                0x0000000008004d6c                DMA1_Channel7_IRQHandler
                0x0000000008004d6c                CAN1_RX1_IRQHandler
                0x0000000008004d6c                TIM4_IRQHandler
                0x0000000008004d6c                I2C1_EV_IRQHandler
                0x0000000008004d6c                DMA1_Channel6_IRQHandler
                0x0000000008004d6c                TIM3_IRQHandler
                0x0000000008004d6c                RCC_IRQHandler
                0x0000000008004d6c                TIM1_TRG_COM_IRQHandler
                0x0000000008004d6c                DMA1_Channel1_IRQHandler
                0x0000000008004d6c                Default_Handler
                0x0000000008004d6c                EXTI15_10_IRQHandler
                0x0000000008004d6c                EXTI9_5_IRQHandler
                0x0000000008004d6c                SPI2_IRQHandler
                0x0000000008004d6c                DMA1_Channel5_IRQHandler
                0x0000000008004d6c                EXTI4_IRQHandler
                0x0000000008004d6c                USB_LP_CAN1_RX0_IRQHandler
                0x0000000008004d6c                USB_HP_CAN1_TX_IRQHandler
                0x0000000008004d6c                DMA1_Channel3_IRQHandler
                0x0000000008004d6c                TIM1_UP_IRQHandler
                0x0000000008004d6c                WWDG_IRQHandler
                0x0000000008004d6c                TIM2_IRQHandler
                0x0000000008004d6c                TIM1_BRK_IRQHandler
                0x0000000008004d6c                EXTI1_IRQHandler
                0x0000000008004d6c                USART2_IRQHandler
                0x0000000008004d6c                I2C2_ER_IRQHandler
                0x0000000008004d6c                DMA1_Channel2_IRQHandler
                0x0000000008004d6c                CAN1_SCE_IRQHandler
                0x0000000008004d6c                FLASH_IRQHandler
                0x0000000008004d6c                USART1_IRQHandler
                0x0000000008004d6c                I2C1_ER_IRQHandler
                0x0000000008004d6c                USBWakeUp_IRQHandler
 *fill*         0x0000000008004d6e        0x2 
 .text.HAL_Init
                0x0000000008004d70       0x2c ./Drivers/STM32F1xx_HAL_Driver/Src/stm32f1xx_hal.o
                0x0000000008004d70                HAL_Init
 .text.__NVIC_SetPriorityGrouping
                0x0000000008004d9c       0x48 ./Drivers/STM32F1xx_HAL_Driver/Src/stm32f1xx_hal_cortex.o
 .text.HAL_NVIC_SetPriorityGrouping
                0x0000000008004de4       0x16 ./Drivers/STM32F1xx_HAL_Driver/Src/stm32f1xx_hal_cortex.o
                0x0000000008004de4                HAL_NVIC_SetPriorityGrouping
 *fill*         0x0000000008004dfa        0x2 
 .text.HAL_GPIO_Init
                0x0000000008004dfc      0x308 ./Drivers/STM32F1xx_HAL_Driver/Src/stm32f1xx_hal_gpio.o
                0x0000000008004dfc                HAL_GPIO_Init
 .text.HAL_GPIO_ReadPin
                0x0000000008005104       0x2e ./Drivers/STM32F1xx_HAL_Driver/Src/stm32f1xx_hal_gpio.o
                0x0000000008005104                HAL_GPIO_ReadPin
 .text.HAL_GPIO_WritePin
                0x0000000008005132       0x30 ./Drivers/STM32F1xx_HAL_Driver/Src/stm32f1xx_hal_gpio.o
                0x0000000008005132                HAL_GPIO_WritePin
 .text.HAL_GPIO_TogglePin
                0x0000000008005162       0x32 ./Drivers/STM32F1xx_HAL_Driver/Src/stm32f1xx_hal_gpio.o
                0x0000000008005162                HAL_GPIO_TogglePin
 .text.HAL_I2C_Init
                0x0000000008005194      0x288 ./Drivers/STM32F1xx_HAL_Driver/Src/stm32f1xx_hal_i2c.o
                0x0000000008005194                HAL_I2C_Init
 .text.HAL_I2C_Master_Transmit
                0x000000000800541c      0x1fc ./Drivers/STM32F1xx_HAL_Driver/Src/stm32f1xx_hal_i2c.o
                0x000000000800541c                HAL_I2C_Master_Transmit
 .text.HAL_I2C_IsDeviceReady
                0x0000000008005618      0x25c ./Drivers/STM32F1xx_HAL_Driver/Src/stm32f1xx_hal_i2c.o
                0x0000000008005618                HAL_I2C_IsDeviceReady
 .text.I2C_MasterRequestWrite
                0x0000000008005874      0x104 ./Drivers/STM32F1xx_HAL_Driver/Src/stm32f1xx_hal_i2c.o
 .text.I2C_WaitOnFlagUntilTimeout
                0x0000000008005978       0xae ./Drivers/STM32F1xx_HAL_Driver/Src/stm32f1xx_hal_i2c.o
 .text.I2C_WaitOnMasterAddressFlagUntilTimeout
                0x0000000008005a26       0xfe ./Drivers/STM32F1xx_HAL_Driver/Src/stm32f1xx_hal_i2c.o
 .text.I2C_WaitOnTXEFlagUntilTimeout
                0x0000000008005b24       0x82 ./Drivers/STM32F1xx_HAL_Driver/Src/stm32f1xx_hal_i2c.o
 .text.I2C_WaitOnBTFFlagUntilTimeout
                0x0000000008005ba6       0x82 ./Drivers/STM32F1xx_HAL_Driver/Src/stm32f1xx_hal_i2c.o
 .text.I2C_IsAcknowledgeFailed
                0x0000000008005c28       0x5c ./Drivers/STM32F1xx_HAL_Driver/Src/stm32f1xx_hal_i2c.o
 .text.HAL_RCC_OscConfig
                0x0000000008005c84      0x500 ./Drivers/STM32F1xx_HAL_Driver/Src/stm32f1xx_hal_rcc.o
                0x0000000008005c84                HAL_RCC_OscConfig
 .text.HAL_RCC_ClockConfig
                0x0000000008006184      0x1d4 ./Drivers/STM32F1xx_HAL_Driver/Src/stm32f1xx_hal_rcc.o
                0x0000000008006184                HAL_RCC_ClockConfig
 .text.HAL_RCC_GetSysClockFreq
                0x0000000008006358       0xc0 ./Drivers/STM32F1xx_HAL_Driver/Src/stm32f1xx_hal_rcc.o
                0x0000000008006358                HAL_RCC_GetSysClockFreq
 .text.HAL_RCC_GetHCLKFreq
                0x0000000008006418       0x14 ./Drivers/STM32F1xx_HAL_Driver/Src/stm32f1xx_hal_rcc.o
                0x0000000008006418                HAL_RCC_GetHCLKFreq
 .text.HAL_RCC_GetPCLK1Freq
                0x000000000800642c       0x28 ./Drivers/STM32F1xx_HAL_Driver/Src/stm32f1xx_hal_rcc.o
                0x000000000800642c                HAL_RCC_GetPCLK1Freq
 .text.HAL_RCC_GetPCLK2Freq
                0x0000000008006454       0x28 ./Drivers/STM32F1xx_HAL_Driver/Src/stm32f1xx_hal_rcc.o
                0x0000000008006454                HAL_RCC_GetPCLK2Freq
 .text.RCC_Delay
                0x000000000800647c       0x3c ./Drivers/STM32F1xx_HAL_Driver/Src/stm32f1xx_hal_rcc.o
 .text.HAL_TIM_Base_Init
                0x00000000080064b8       0x9e ./Drivers/STM32F1xx_HAL_Driver/Src/stm32f1xx_hal_tim.o
                0x00000000080064b8                HAL_TIM_Base_Init
 *fill*         0x0000000008006556        0x2 
 .text.HAL_TIM_Base_Start
                0x0000000008006558       0x94 ./Drivers/STM32F1xx_HAL_Driver/Src/stm32f1xx_hal_tim.o
                0x0000000008006558                HAL_TIM_Base_Start
 .text.HAL_TIM_ConfigClockSource
                0x00000000080065ec      0x188 ./Drivers/STM32F1xx_HAL_Driver/Src/stm32f1xx_hal_tim.o
                0x00000000080065ec                HAL_TIM_ConfigClockSource
 .text.TIM_Base_SetConfig
                0x0000000008006774       0xc4 ./Drivers/STM32F1xx_HAL_Driver/Src/stm32f1xx_hal_tim.o
                0x0000000008006774                TIM_Base_SetConfig
 .text.TIM_TI1_ConfigInputStage
                0x0000000008006838       0x5c ./Drivers/STM32F1xx_HAL_Driver/Src/stm32f1xx_hal_tim.o
 .text.TIM_TI2_ConfigInputStage
                0x0000000008006894       0x5e ./Drivers/STM32F1xx_HAL_Driver/Src/stm32f1xx_hal_tim.o
 .text.TIM_ITRx_SetConfig
                0x00000000080068f2       0x34 ./Drivers/STM32F1xx_HAL_Driver/Src/stm32f1xx_hal_tim.o
 .text.TIM_ETR_SetConfig
                0x0000000008006926       0x3e ./Drivers/STM32F1xx_HAL_Driver/Src/stm32f1xx_hal_tim.o
                0x0000000008006926                TIM_ETR_SetConfig
 .text.HAL_TIMEx_MasterConfigSynchronization
                0x0000000008006964       0xbc ./Drivers/STM32F1xx_HAL_Driver/Src/stm32f1xx_hal_tim_ex.o
                0x0000000008006964                HAL_TIMEx_MasterConfigSynchronization
 .text.HAL_UART_Init
                0x0000000008006a20       0x9a ./Drivers/STM32F1xx_HAL_Driver/Src/stm32f1xx_hal_uart.o
                0x0000000008006a20                HAL_UART_Init
 .text.HAL_UART_Transmit
                0x0000000008006aba      0x124 ./Drivers/STM32F1xx_HAL_Driver/Src/stm32f1xx_hal_uart.o
                0x0000000008006aba                HAL_UART_Transmit
 .text.HAL_UART_Receive
                0x0000000008006bde      0x13e ./Drivers/STM32F1xx_HAL_Driver/Src/stm32f1xx_hal_uart.o
                0x0000000008006bde                HAL_UART_Receive
 .text.UART_WaitOnFlagUntilTimeout
                0x0000000008006d1c       0x94 ./Drivers/STM32F1xx_HAL_Driver/Src/stm32f1xx_hal_uart.o
 .text.UART_SetConfig
                0x0000000008006db0      0x11c ./Drivers/STM32F1xx_HAL_Driver/Src/stm32f1xx_hal_uart.o
 .text.CPU_IntSrcPrioSet
                0x0000000008006ecc      0x278 ./Micrium/Software/uC-CPU/ARM-Cortex-M/ARMv7-M/cpu_c.o
                0x0000000008006ecc                CPU_IntSrcPrioSet
 .text.CPU_SW_Exception
                0x0000000008007144        0x6 ./Micrium/Software/uC-CPU/cpu_core.o
                0x0000000008007144                CPU_SW_Exception
 *fill*         0x000000000800714a        0x2 
 .text.OSInitHookBegin
                0x000000000800714c       0x68 ./Micrium/Software/uCOS-II/Ports/ARM-Cortex-M/ARMv7-M/os_cpu_c.o
                0x000000000800714c                OSInitHookBegin
 .text.OSInitHookEnd
                0x00000000080071b4        0xc ./Micrium/Software/uCOS-II/Ports/ARM-Cortex-M/ARMv7-M/os_cpu_c.o
                0x00000000080071b4                OSInitHookEnd
 .text.OSTaskCreateHook
                0x00000000080071c0       0x16 ./Micrium/Software/uCOS-II/Ports/ARM-Cortex-M/ARMv7-M/os_cpu_c.o
                0x00000000080071c0                OSTaskCreateHook
 .text.OSTaskDelHook
                0x00000000080071d6       0x16 ./Micrium/Software/uCOS-II/Ports/ARM-Cortex-M/ARMv7-M/os_cpu_c.o
                0x00000000080071d6                OSTaskDelHook
 .text.OSTaskIdleHook
                0x00000000080071ec        0xc ./Micrium/Software/uCOS-II/Ports/ARM-Cortex-M/ARMv7-M/os_cpu_c.o
                0x00000000080071ec                OSTaskIdleHook
 .text.OSTaskReturnHook
                0x00000000080071f8       0x16 ./Micrium/Software/uCOS-II/Ports/ARM-Cortex-M/ARMv7-M/os_cpu_c.o
                0x00000000080071f8                OSTaskReturnHook
 .text.OSTaskStatHook
                0x000000000800720e        0xc ./Micrium/Software/uCOS-II/Ports/ARM-Cortex-M/ARMv7-M/os_cpu_c.o
                0x000000000800720e                OSTaskStatHook
 *fill*         0x000000000800721a        0x2 
 .text.OSTaskStkInit
                0x000000000800721c      0x114 ./Micrium/Software/uCOS-II/Ports/ARM-Cortex-M/ARMv7-M/os_cpu_c.o
                0x000000000800721c                OSTaskStkInit
 .text.OSTaskSwHook
                0x0000000008007330        0xc ./Micrium/Software/uCOS-II/Ports/ARM-Cortex-M/ARMv7-M/os_cpu_c.o
                0x0000000008007330                OSTaskSwHook
 .text.OSTCBInitHook
                0x000000000800733c       0x16 ./Micrium/Software/uCOS-II/Ports/ARM-Cortex-M/ARMv7-M/os_cpu_c.o
                0x000000000800733c                OSTCBInitHook
 *fill*         0x0000000008007352        0x2 
 .text.OSTimeTickHook
                0x0000000008007354       0x30 ./Micrium/Software/uCOS-II/Ports/ARM-Cortex-M/ARMv7-M/os_cpu_c.o
                0x0000000008007354                OSTimeTickHook
 .text.OS_CPU_SysTickHandler
                0x0000000008007384       0x28 ./Micrium/Software/uCOS-II/Ports/ARM-Cortex-M/ARMv7-M/os_cpu_c.o
                0x0000000008007384                OS_CPU_SysTickHandler
 .text.OS_CPU_SysTickInitFreq
                0x00000000080073ac       0x28 ./Micrium/Software/uCOS-II/Ports/ARM-Cortex-M/ARMv7-M/os_cpu_c.o
                0x00000000080073ac                OS_CPU_SysTickInitFreq
 .text.OS_CPU_SysTickInit
                0x00000000080073d4       0x60 ./Micrium/Software/uCOS-II/Ports/ARM-Cortex-M/ARMv7-M/os_cpu_c.o
                0x00000000080073d4                OS_CPU_SysTickInit
 .text.OSEventNameSet
                0x0000000008007434       0x74 ./Micrium/Software/uCOS-II/Source/os_core.o
                0x0000000008007434                OSEventNameSet
 .text.OSInit   0x00000000080074a8       0x38 ./Micrium/Software/uCOS-II/Source/os_core.o
                0x00000000080074a8                OSInit
 .text.OSIntEnter
                0x00000000080074e0       0x30 ./Micrium/Software/uCOS-II/Source/os_core.o
                0x00000000080074e0                OSIntEnter
 .text.OSIntExit
                0x0000000008007510       0xa4 ./Micrium/Software/uCOS-II/Source/os_core.o
                0x0000000008007510                OSIntExit
 .text.OSSchedLock
                0x00000000080075b4       0x50 ./Micrium/Software/uCOS-II/Source/os_core.o
                0x00000000080075b4                OSSchedLock
 .text.OSSchedUnlock
                0x0000000008007604       0x74 ./Micrium/Software/uCOS-II/Source/os_core.o
                0x0000000008007604                OSSchedUnlock
 .text.OSStart  0x0000000008007678       0x50 ./Micrium/Software/uCOS-II/Source/os_core.o
                0x0000000008007678                OSStart
 .text.OSStatInit
                0x00000000080076c8       0x5c ./Micrium/Software/uCOS-II/Source/os_core.o
                0x00000000080076c8                OSStatInit
 .text.OSTimeTick
                0x0000000008007724      0x144 ./Micrium/Software/uCOS-II/Source/os_core.o
                0x0000000008007724                OSTimeTick
 .text.OSVersion
                0x0000000008007868       0x10 ./Micrium/Software/uCOS-II/Source/os_core.o
                0x0000000008007868                OSVersion
 .text.OS_Dummy
                0x0000000008007878        0xc ./Micrium/Software/uCOS-II/Source/os_core.o
                0x0000000008007878                OS_Dummy
 .text.OS_EventTaskRdy
                0x0000000008007884       0xe4 ./Micrium/Software/uCOS-II/Source/os_core.o
                0x0000000008007884                OS_EventTaskRdy
 .text.OS_EventTaskWait
                0x0000000008007968       0xac ./Micrium/Software/uCOS-II/Source/os_core.o
                0x0000000008007968                OS_EventTaskWait
 .text.OS_EventTaskRemove
                0x0000000008007a14       0x64 ./Micrium/Software/uCOS-II/Source/os_core.o
                0x0000000008007a14                OS_EventTaskRemove
 .text.OS_EventTaskRemoveMulti
                0x0000000008007a78       0x86 ./Micrium/Software/uCOS-II/Source/os_core.o
                0x0000000008007a78                OS_EventTaskRemoveMulti
 .text.OS_EventWaitListInit
                0x0000000008007afe       0x36 ./Micrium/Software/uCOS-II/Source/os_core.o
                0x0000000008007afe                OS_EventWaitListInit
 .text.OS_InitEventList
                0x0000000008007b34       0x98 ./Micrium/Software/uCOS-II/Source/os_core.o
 .text.OS_InitMisc
                0x0000000008007bcc       0x7c ./Micrium/Software/uCOS-II/Source/os_core.o
 .text.OS_InitRdyList
                0x0000000008007c48       0x60 ./Micrium/Software/uCOS-II/Source/os_core.o
 .text.OS_InitTaskIdle
                0x0000000008007ca8       0x4c ./Micrium/Software/uCOS-II/Source/os_core.o
 .text.OS_InitTaskStat
                0x0000000008007cf4       0x4c ./Micrium/Software/uCOS-II/Source/os_core.o
 .text.OS_InitTCBList
                0x0000000008007d40       0x9c ./Micrium/Software/uCOS-II/Source/os_core.o
 .text.OS_MemClr
                0x0000000008007ddc       0x30 ./Micrium/Software/uCOS-II/Source/os_core.o
                0x0000000008007ddc                OS_MemClr
 .text.OS_Sched
                0x0000000008007e0c       0x84 ./Micrium/Software/uCOS-II/Source/os_core.o
                0x0000000008007e0c                OS_Sched
 .text.OS_SchedNew
                0x0000000008007e90       0x48 ./Micrium/Software/uCOS-II/Source/os_core.o
 .text.OS_TaskIdle
                0x0000000008007ed8       0x30 ./Micrium/Software/uCOS-II/Source/os_core.o
                0x0000000008007ed8                OS_TaskIdle
 .text.OS_TaskStat
                0x0000000008007f08       0xf0 ./Micrium/Software/uCOS-II/Source/os_core.o
                0x0000000008007f08                OS_TaskStat
 .text.OS_TaskStatStkChk
                0x0000000008007ff8       0x68 ./Micrium/Software/uCOS-II/Source/os_core.o
                0x0000000008007ff8                OS_TaskStatStkChk
 .text.OS_TCBInit
                0x0000000008008060      0x1e8 ./Micrium/Software/uCOS-II/Source/os_core.o
                0x0000000008008060                OS_TCBInit
 .text.OSFlagAccept
                0x0000000008008248      0x184 ./Micrium/Software/uCOS-II/Source/os_flag.o
                0x0000000008008248                OSFlagAccept
 .text.OSFlagCreate
                0x00000000080083cc       0x88 ./Micrium/Software/uCOS-II/Source/os_flag.o
                0x00000000080083cc                OSFlagCreate
 .text.OSFlagNameSet
                0x0000000008008454       0x78 ./Micrium/Software/uCOS-II/Source/os_flag.o
                0x0000000008008454                OSFlagNameSet
 .text.OSFlagPend
                0x00000000080084cc      0x320 ./Micrium/Software/uCOS-II/Source/os_flag.o
                0x00000000080084cc                OSFlagPend
 .text.OSFlagPost
                0x00000000080087ec      0x1e0 ./Micrium/Software/uCOS-II/Source/os_flag.o
                0x00000000080087ec                OSFlagPost
 .text.OS_FlagBlock
                0x00000000080089cc       0xe4 ./Micrium/Software/uCOS-II/Source/os_flag.o
 .text.OS_FlagInit
                0x0000000008008ab0       0x84 ./Micrium/Software/uCOS-II/Source/os_flag.o
                0x0000000008008ab0                OS_FlagInit
 .text.OS_FlagTaskRdy
                0x0000000008008b34       0x9c ./Micrium/Software/uCOS-II/Source/os_flag.o
 .text.OS_FlagUnlink
                0x0000000008008bd0       0x5c ./Micrium/Software/uCOS-II/Source/os_flag.o
                0x0000000008008bd0                OS_FlagUnlink
 .text.OSMboxAccept
                0x0000000008008c2c       0x46 ./Micrium/Software/uCOS-II/Source/os_mbox.o
                0x0000000008008c2c                OSMboxAccept
 *fill*         0x0000000008008c72        0x2 
 .text.OSMboxCreate
                0x0000000008008c74       0x78 ./Micrium/Software/uCOS-II/Source/os_mbox.o
                0x0000000008008c74                OSMboxCreate
 .text.OSMboxPost
                0x0000000008008cec       0x80 ./Micrium/Software/uCOS-II/Source/os_mbox.o
                0x0000000008008cec                OSMboxPost
 .text.OS_MemInit
                0x0000000008008d6c       0x80 ./Micrium/Software/uCOS-II/Source/os_mem.o
                0x0000000008008d6c                OS_MemInit
 .text.OS_QInit
                0x0000000008008dec       0x78 ./Micrium/Software/uCOS-II/Source/os_q.o
                0x0000000008008dec                OS_QInit
 .text.OSSemCreate
                0x0000000008008e64       0x7c ./Micrium/Software/uCOS-II/Source/os_sem.o
                0x0000000008008e64                OSSemCreate
 .text.OSSemPend
                0x0000000008008ee0      0x12c ./Micrium/Software/uCOS-II/Source/os_sem.o
                0x0000000008008ee0                OSSemPend
 .text.OSSemPost
                0x000000000800900c       0x7e ./Micrium/Software/uCOS-II/Source/os_sem.o
                0x000000000800900c                OSSemPost
 *fill*         0x000000000800908a        0x2 
 .text.OSTaskCreateExt
                0x000000000800908c       0xd8 ./Micrium/Software/uCOS-II/Source/os_task.o
                0x000000000800908c                OSTaskCreateExt
 .text.OSTaskDel
                0x0000000008009164      0x1f0 ./Micrium/Software/uCOS-II/Source/os_task.o
                0x0000000008009164                OSTaskDel
 .text.OSTaskNameSet
                0x0000000008009354       0xb4 ./Micrium/Software/uCOS-II/Source/os_task.o
                0x0000000008009354                OSTaskNameSet
 .text.OSTaskResume
                0x0000000008009408       0xf8 ./Micrium/Software/uCOS-II/Source/os_task.o
                0x0000000008009408                OSTaskResume
 .text.OSTaskStkChk
                0x0000000008009500       0xdc ./Micrium/Software/uCOS-II/Source/os_task.o
                0x0000000008009500                OSTaskStkChk
 .text.OSTaskSuspend
                0x00000000080095dc      0x108 ./Micrium/Software/uCOS-II/Source/os_task.o
                0x00000000080095dc                OSTaskSuspend
 .text.OS_TaskReturn
                0x00000000080096e4       0x1c ./Micrium/Software/uCOS-II/Source/os_task.o
                0x00000000080096e4                OS_TaskReturn
 .text.OS_TaskStkClr
                0x0000000008009700       0x44 ./Micrium/Software/uCOS-II/Source/os_task.o
                0x0000000008009700                OS_TaskStkClr
 .text.OSTimeDly
                0x0000000008009744       0xa8 ./Micrium/Software/uCOS-II/Source/os_time.o
                0x0000000008009744                OSTimeDly
 .text.OSTimeDlyHMSM
                0x00000000080097ec       0xc8 ./Micrium/Software/uCOS-II/Source/os_time.o
                0x00000000080097ec                OSTimeDlyHMSM
 .text.OSTimeGet
                0x00000000080098b4       0x2c ./Micrium/Software/uCOS-II/Source/os_time.o
                0x00000000080098b4                OSTimeGet
 .text.OSTmrSignal
                0x00000000080098e0       0x24 ./Micrium/Software/uCOS-II/Source/os_tmr.o
                0x00000000080098e0                OSTmrSignal
 .text.OSTmr_Init
                0x0000000008009904      0x118 ./Micrium/Software/uCOS-II/Source/os_tmr.o
                0x0000000008009904                OSTmr_Init
 .text.OSTmr_InitTask
                0x0000000008009a1c       0x4c ./Micrium/Software/uCOS-II/Source/os_tmr.o
 .text.OSTmr_Link
                0x0000000008009a68       0xd4 ./Micrium/Software/uCOS-II/Source/os_tmr.o
 .text.OSTmr_Unlink
                0x0000000008009b3c       0xa4 ./Micrium/Software/uCOS-II/Source/os_tmr.o
 .text.OSTmr_Task
                0x0000000008009be0       0xc4 ./Micrium/Software/uCOS-II/Source/os_tmr.o
 .text.App_TaskCreateHook
                0x0000000008009ca4       0x12 ./Micrium/Template/OS2/app_hooks.o
                0x0000000008009ca4                App_TaskCreateHook
 .text.App_TaskDelHook
                0x0000000008009cb6       0x12 ./Micrium/Template/OS2/app_hooks.o
                0x0000000008009cb6                App_TaskDelHook
 .text.App_TaskIdleHook
                0x0000000008009cc8        0xc ./Micrium/Template/OS2/app_hooks.o
                0x0000000008009cc8                App_TaskIdleHook
 .text.App_TaskStatHook
                0x0000000008009cd4        0xc ./Micrium/Template/OS2/app_hooks.o
                0x0000000008009cd4                App_TaskStatHook
 .text.App_TaskReturnHook
                0x0000000008009ce0       0x12 ./Micrium/Template/OS2/app_hooks.o
                0x0000000008009ce0                App_TaskReturnHook
 .text.App_TaskSwHook
                0x0000000008009cf2        0xc ./Micrium/Template/OS2/app_hooks.o
                0x0000000008009cf2                App_TaskSwHook
 .text.App_TCBInitHook
                0x0000000008009cfe       0x12 ./Micrium/Template/OS2/app_hooks.o
                0x0000000008009cfe                App_TCBInitHook
 .text.App_TimeTickHook
                0x0000000008009d10        0xc ./Micrium/Template/OS2/app_hooks.o
                0x0000000008009d10                App_TimeTickHook
 .text.__errno  0x0000000008009d1c        0xc c:/st/stm32cubeide_1.6.0/stm32cubeide/plugins/com.st.stm32cube.ide.mcu.externaltools.gnu-tools-for-stm32.9-2020-q2-update.win32_2.0.0.202105311346/tools/bin/../lib/gcc/arm-none-eabi/9.3.1/../../../../arm-none-eabi/lib/thumb/v7-m/nofp\libc.a(lib_a-errno.o)
                0x0000000008009d1c                __errno
 .text.__libc_init_array
                0x0000000008009d28       0x48 c:/st/stm32cubeide_1.6.0/stm32cubeide/plugins/com.st.stm32cube.ide.mcu.externaltools.gnu-tools-for-stm32.9-2020-q2-update.win32_2.0.0.202105311346/tools/bin/../lib/gcc/arm-none-eabi/9.3.1/../../../../arm-none-eabi/lib/thumb/v7-m/nofp\libc.a(lib_a-init.o)
                0x0000000008009d28                __libc_init_array
 .text.memccpy  0x0000000008009d70       0x1e c:/st/stm32cubeide_1.6.0/stm32cubeide/plugins/com.st.stm32cube.ide.mcu.externaltools.gnu-tools-for-stm32.9-2020-q2-update.win32_2.0.0.202105311346/tools/bin/../lib/gcc/arm-none-eabi/9.3.1/../../../../arm-none-eabi/lib/thumb/v7-m/nofp\libc.a(lib_a-memccpy.o)
                0x0000000008009d70                memccpy
 .text.memcpy   0x0000000008009d8e       0x1c c:/st/stm32cubeide_1.6.0/stm32cubeide/plugins/com.st.stm32cube.ide.mcu.externaltools.gnu-tools-for-stm32.9-2020-q2-update.win32_2.0.0.202105311346/tools/bin/../lib/gcc/arm-none-eabi/9.3.1/../../../../arm-none-eabi/lib/thumb/v7-m/nofp\libc.a(lib_a-memcpy-stub.o)
                0x0000000008009d8e                memcpy
 .text.memset   0x0000000008009daa       0x10 c:/st/stm32cubeide_1.6.0/stm32cubeide/plugins/com.st.stm32cube.ide.mcu.externaltools.gnu-tools-for-stm32.9-2020-q2-update.win32_2.0.0.202105311346/tools/bin/../lib/gcc/arm-none-eabi/9.3.1/../../../../arm-none-eabi/lib/thumb/v7-m/nofp\libc.a(lib_a-memset.o)
                0x0000000008009daa                memset
 .text.strcpy   0x0000000008009dba       0x10 c:/st/stm32cubeide_1.6.0/stm32cubeide/plugins/com.st.stm32cube.ide.mcu.externaltools.gnu-tools-for-stm32.9-2020-q2-update.win32_2.0.0.202105311346/tools/bin/../lib/gcc/arm-none-eabi/9.3.1/../../../../arm-none-eabi/lib/thumb/v7-m/nofp\libc.a(lib_a-strcpy.o)
                0x0000000008009dba                strcpy
 *fill*         0x0000000008009dca        0x2 
 .text.startup.register_fini
                0x0000000008009dcc       0x14 c:/st/stm32cubeide_1.6.0/stm32cubeide/plugins/com.st.stm32cube.ide.mcu.externaltools.gnu-tools-for-stm32.9-2020-q2-update.win32_2.0.0.202105311346/tools/bin/../lib/gcc/arm-none-eabi/9.3.1/../../../../arm-none-eabi/lib/thumb/v7-m/nofp\libc.a(lib_a-__call_atexit.o)
 .text.atexit   0x0000000008009de0        0xc c:/st/stm32cubeide_1.6.0/stm32cubeide/plugins/com.st.stm32cube.ide.mcu.externaltools.gnu-tools-for-stm32.9-2020-q2-update.win32_2.0.0.202105311346/tools/bin/../lib/gcc/arm-none-eabi/9.3.1/../../../../arm-none-eabi/lib/thumb/v7-m/nofp\libc.a(lib_a-atexit.o)
                0x0000000008009de0                atexit
 .text.__libc_fini_array
                0x0000000008009dec       0x28 c:/st/stm32cubeide_1.6.0/stm32cubeide/plugins/com.st.stm32cube.ide.mcu.externaltools.gnu-tools-for-stm32.9-2020-q2-update.win32_2.0.0.202105311346/tools/bin/../lib/gcc/arm-none-eabi/9.3.1/../../../../arm-none-eabi/lib/thumb/v7-m/nofp\libc.a(lib_a-fini.o)
                0x0000000008009dec                __libc_fini_array
 .text.__retarget_lock_acquire_recursive
                0x0000000008009e14        0x2 c:/st/stm32cubeide_1.6.0/stm32cubeide/plugins/com.st.stm32cube.ide.mcu.externaltools.gnu-tools-for-stm32.9-2020-q2-update.win32_2.0.0.202105311346/tools/bin/../lib/gcc/arm-none-eabi/9.3.1/../../../../arm-none-eabi/lib/thumb/v7-m/nofp\libc.a(lib_a-lock.o)
                0x0000000008009e14                __retarget_lock_acquire_recursive
 .text.__retarget_lock_release_recursive
                0x0000000008009e16        0x2 c:/st/stm32cubeide_1.6.0/stm32cubeide/plugins/com.st.stm32cube.ide.mcu.externaltools.gnu-tools-for-stm32.9-2020-q2-update.win32_2.0.0.202105311346/tools/bin/../lib/gcc/arm-none-eabi/9.3.1/../../../../arm-none-eabi/lib/thumb/v7-m/nofp\libc.a(lib_a-lock.o)
                0x0000000008009e16                __retarget_lock_release_recursive
 .text.__register_exitproc
                0x0000000008009e18       0x80 c:/st/stm32cubeide_1.6.0/stm32cubeide/plugins/com.st.stm32cube.ide.mcu.externaltools.gnu-tools-for-stm32.9-2020-q2-update.win32_2.0.0.202105311346/tools/bin/../lib/gcc/arm-none-eabi/9.3.1/../../../../arm-none-eabi/lib/thumb/v7-m/nofp\libc.a(lib_a-__atexit.o)
                0x0000000008009e18                __register_exitproc
 .text.pow      0x0000000008009e98      0x158 c:/st/stm32cubeide_1.6.0/stm32cubeide/plugins/com.st.stm32cube.ide.mcu.externaltools.gnu-tools-for-stm32.9-2020-q2-update.win32_2.0.0.202105311346/tools/bin/../lib/gcc/arm-none-eabi/9.3.1/../../../../arm-none-eabi/lib/thumb/v7-m/nofp\libm.a(lib_a-w_pow.o)
                0x0000000008009e98                pow
 .text.__ieee754_pow
                0x0000000008009ff0      0xa2c c:/st/stm32cubeide_1.6.0/stm32cubeide/plugins/com.st.stm32cube.ide.mcu.externaltools.gnu-tools-for-stm32.9-2020-q2-update.win32_2.0.0.202105311346/tools/bin/../lib/gcc/arm-none-eabi/9.3.1/../../../../arm-none-eabi/lib/thumb/v7-m/nofp\libm.a(lib_a-e_pow.o)
                0x0000000008009ff0                __ieee754_pow
 .text.__ieee754_sqrt
                0x000000000800aa1c      0x158 c:/st/stm32cubeide_1.6.0/stm32cubeide/plugins/com.st.stm32cube.ide.mcu.externaltools.gnu-tools-for-stm32.9-2020-q2-update.win32_2.0.0.202105311346/tools/bin/../lib/gcc/arm-none-eabi/9.3.1/../../../../arm-none-eabi/lib/thumb/v7-m/nofp\libm.a(lib_a-e_sqrt.o)
                0x000000000800aa1c                __ieee754_sqrt
 .text.fabs     0x000000000800ab74        0x6 c:/st/stm32cubeide_1.6.0/stm32cubeide/plugins/com.st.stm32cube.ide.mcu.externaltools.gnu-tools-for-stm32.9-2020-q2-update.win32_2.0.0.202105311346/tools/bin/../lib/gcc/arm-none-eabi/9.3.1/../../../../arm-none-eabi/lib/thumb/v7-m/nofp\libm.a(lib_a-s_fabs.o)
                0x000000000800ab74                fabs
 .text.finite   0x000000000800ab7a        0xc c:/st/stm32cubeide_1.6.0/stm32cubeide/plugins/com.st.stm32cube.ide.mcu.externaltools.gnu-tools-for-stm32.9-2020-q2-update.win32_2.0.0.202105311346/tools/bin/../lib/gcc/arm-none-eabi/9.3.1/../../../../arm-none-eabi/lib/thumb/v7-m/nofp\libm.a(lib_a-s_finite.o)
                0x000000000800ab7a                finite
 *fill*         0x000000000800ab86        0x2 
 .text.nan      0x000000000800ab88        0xc c:/st/stm32cubeide_1.6.0/stm32cubeide/plugins/com.st.stm32cube.ide.mcu.externaltools.gnu-tools-for-stm32.9-2020-q2-update.win32_2.0.0.202105311346/tools/bin/../lib/gcc/arm-none-eabi/9.3.1/../../../../arm-none-eabi/lib/thumb/v7-m/nofp\libm.a(lib_a-s_nan.o)
                0x000000000800ab88                nan
 .text.rint     0x000000000800ab94      0x114 c:/st/stm32cubeide_1.6.0/stm32cubeide/plugins/com.st.stm32cube.ide.mcu.externaltools.gnu-tools-for-stm32.9-2020-q2-update.win32_2.0.0.202105311346/tools/bin/../lib/gcc/arm-none-eabi/9.3.1/../../../../arm-none-eabi/lib/thumb/v7-m/nofp\libm.a(lib_a-s_rint.o)
                0x000000000800ab94                rint
 .text.scalbn   0x000000000800aca8      0x10c c:/st/stm32cubeide_1.6.0/stm32cubeide/plugins/com.st.stm32cube.ide.mcu.externaltools.gnu-tools-for-stm32.9-2020-q2-update.win32_2.0.0.202105311346/tools/bin/../lib/gcc/arm-none-eabi/9.3.1/../../../../arm-none-eabi/lib/thumb/v7-m/nofp\libm.a(lib_a-s_scalbn.o)
                0x000000000800aca8                scalbn
 *(.glue_7)
 .glue_7        0x000000000800adb4        0x0 linker stubs
 *(.glue_7t)
 .glue_7t       0x000000000800adb4        0x0 linker stubs
 *(.eh_frame)
 .eh_frame      0x000000000800adb4        0x0 c:/st/stm32cubeide_1.6.0/stm32cubeide/plugins/com.st.stm32cube.ide.mcu.externaltools.gnu-tools-for-stm32.9-2020-q2-update.win32_2.0.0.202105311346/tools/bin/../lib/gcc/arm-none-eabi/9.3.1/thumb/v7-m/nofp/crtbegin.o
 *(.init)
 .init          0x000000000800adb4        0x4 c:/st/stm32cubeide_1.6.0/stm32cubeide/plugins/com.st.stm32cube.ide.mcu.externaltools.gnu-tools-for-stm32.9-2020-q2-update.win32_2.0.0.202105311346/tools/bin/../lib/gcc/arm-none-eabi/9.3.1/thumb/v7-m/nofp/crti.o
                0x000000000800adb4                _init
 .init          0x000000000800adb8        0x8 c:/st/stm32cubeide_1.6.0/stm32cubeide/plugins/com.st.stm32cube.ide.mcu.externaltools.gnu-tools-for-stm32.9-2020-q2-update.win32_2.0.0.202105311346/tools/bin/../lib/gcc/arm-none-eabi/9.3.1/thumb/v7-m/nofp/crtn.o
 *(.fini)
 .fini          0x000000000800adc0        0x4 c:/st/stm32cubeide_1.6.0/stm32cubeide/plugins/com.st.stm32cube.ide.mcu.externaltools.gnu-tools-for-stm32.9-2020-q2-update.win32_2.0.0.202105311346/tools/bin/../lib/gcc/arm-none-eabi/9.3.1/thumb/v7-m/nofp/crti.o
                0x000000000800adc0                _fini
 .fini          0x000000000800adc4        0x8 c:/st/stm32cubeide_1.6.0/stm32cubeide/plugins/com.st.stm32cube.ide.mcu.externaltools.gnu-tools-for-stm32.9-2020-q2-update.win32_2.0.0.202105311346/tools/bin/../lib/gcc/arm-none-eabi/9.3.1/thumb/v7-m/nofp/crtn.o
                0x000000000800adcc                . = ALIGN (0x4)
                0x000000000800adcc                _etext = .

.vfp11_veneer   0x000000000800adcc        0x0
 .vfp11_veneer  0x000000000800adcc        0x0 linker stubs

.v4_bx          0x000000000800adcc        0x0
 .v4_bx         0x000000000800adcc        0x0 linker stubs

.iplt           0x000000000800adcc        0x0
 .iplt          0x000000000800adcc        0x0 c:/st/stm32cubeide_1.6.0/stm32cubeide/plugins/com.st.stm32cube.ide.mcu.externaltools.gnu-tools-for-stm32.9-2020-q2-update.win32_2.0.0.202105311346/tools/bin/../lib/gcc/arm-none-eabi/9.3.1/thumb/v7-m/nofp/crtbegin.o

.rodata         0x000000000800add0     0x1788
                0x000000000800add0                . = ALIGN (0x4)
 *(.rodata)
 .rodata        0x000000000800add0        0x9 ./Core/Src/DIO.o
 *fill*         0x000000000800add9        0x3 
 .rodata        0x000000000800addc       0xae ./Core/Src/gui.o
 *fill*         0x000000000800ae8a        0x2 
 .rodata        0x000000000800ae8c        0xd ./Core/Src/main.o
 *fill*         0x000000000800ae99        0x3 
 .rodata        0x000000000800ae9c      0x187 ./Core/Src/tareas.o
 *fill*         0x000000000800b023        0x1 
 .rodata        0x000000000800b024       0x10 ./Drivers/STM32F1xx_HAL_Driver/Src/stm32f1xx_hal_rcc.o
 .rodata        0x000000000800b034       0x22 ./Micrium/Software/uCOS-II/Source/os_core.o
 *fill*         0x000000000800b056        0x2 
 .rodata        0x000000000800b058        0x2 ./Micrium/Software/uCOS-II/Source/os_flag.o
 *fill*         0x000000000800b05a        0x2 
 .rodata        0x000000000800b05c        0x2 ./Micrium/Software/uCOS-II/Source/os_mbox.o
 *fill*         0x000000000800b05e        0x2 
 .rodata        0x000000000800b060        0x2 ./Micrium/Software/uCOS-II/Source/os_mem.o
 *fill*         0x000000000800b062        0x2 
 .rodata        0x000000000800b064        0x2 ./Micrium/Software/uCOS-II/Source/os_sem.o
 *fill*         0x000000000800b066        0x2 
 .rodata        0x000000000800b068        0x2 ./Micrium/Software/uCOS-II/Source/os_task.o
 *fill*         0x000000000800b06a        0x2 
 .rodata        0x000000000800b06c       0x39 ./Micrium/Software/uCOS-II/Source/os_tmr.o
 *(.rodata*)
 *fill*         0x000000000800b0a5        0x3 
 .rodata.Font7x10
                0x000000000800b0a8      0x76c ./Core/Src/fonts.o
                0x000000000800b0a8                Font7x10
 .rodata.Font9x16
                0x000000000800b814      0xbe0 ./Core/Src/fonts.o
                0x000000000800b814                Font9x16
 .rodata.AHBPrescTable
                0x000000000800c3f4       0x10 ./Core/Src/system_stm32f1xx.o
                0x000000000800c3f4                AHBPrescTable
 .rodata.APBPrescTable
                0x000000000800c404        0x8 ./Core/Src/system_stm32f1xx.o
                0x000000000800c404                APBPrescTable
 .rodata.OSUnMapTbl
                0x000000000800c40c      0x100 ./Micrium/Software/uCOS-II/Source/os_core.o
                0x000000000800c40c                OSUnMapTbl
 .rodata._global_impure_ptr
                0x000000000800c50c        0x4 c:/st/stm32cubeide_1.6.0/stm32cubeide/plugins/com.st.stm32cube.ide.mcu.externaltools.gnu-tools-for-stm32.9-2020-q2-update.win32_2.0.0.202105311346/tools/bin/../lib/gcc/arm-none-eabi/9.3.1/../../../../arm-none-eabi/lib/thumb/v7-m/nofp\libc.a(lib_a-impure.o)
                0x000000000800c50c                _global_impure_ptr
 .rodata.__ieee754_pow.str1.1
                0x000000000800c510        0x1 c:/st/stm32cubeide_1.6.0/stm32cubeide/plugins/com.st.stm32cube.ide.mcu.externaltools.gnu-tools-for-stm32.9-2020-q2-update.win32_2.0.0.202105311346/tools/bin/../lib/gcc/arm-none-eabi/9.3.1/../../../../arm-none-eabi/lib/thumb/v7-m/nofp\libm.a(lib_a-e_pow.o)
 *fill*         0x000000000800c511        0x7 
 .rodata.bp     0x000000000800c518       0x10 c:/st/stm32cubeide_1.6.0/stm32cubeide/plugins/com.st.stm32cube.ide.mcu.externaltools.gnu-tools-for-stm32.9-2020-q2-update.win32_2.0.0.202105311346/tools/bin/../lib/gcc/arm-none-eabi/9.3.1/../../../../arm-none-eabi/lib/thumb/v7-m/nofp\libm.a(lib_a-e_pow.o)
 .rodata.dp_h   0x000000000800c528       0x10 c:/st/stm32cubeide_1.6.0/stm32cubeide/plugins/com.st.stm32cube.ide.mcu.externaltools.gnu-tools-for-stm32.9-2020-q2-update.win32_2.0.0.202105311346/tools/bin/../lib/gcc/arm-none-eabi/9.3.1/../../../../arm-none-eabi/lib/thumb/v7-m/nofp\libm.a(lib_a-e_pow.o)
 .rodata.dp_l   0x000000000800c538       0x10 c:/st/stm32cubeide_1.6.0/stm32cubeide/plugins/com.st.stm32cube.ide.mcu.externaltools.gnu-tools-for-stm32.9-2020-q2-update.win32_2.0.0.202105311346/tools/bin/../lib/gcc/arm-none-eabi/9.3.1/../../../../arm-none-eabi/lib/thumb/v7-m/nofp\libm.a(lib_a-e_pow.o)
 .rodata.TWO52  0x000000000800c548       0x10 c:/st/stm32cubeide_1.6.0/stm32cubeide/plugins/com.st.stm32cube.ide.mcu.externaltools.gnu-tools-for-stm32.9-2020-q2-update.win32_2.0.0.202105311346/tools/bin/../lib/gcc/arm-none-eabi/9.3.1/../../../../arm-none-eabi/lib/thumb/v7-m/nofp\libm.a(lib_a-s_rint.o)
                0x000000000800c558                . = ALIGN (0x4)

.rel.dyn        0x000000000800c558        0x0
 .rel.iplt      0x000000000800c558        0x0 c:/st/stm32cubeide_1.6.0/stm32cubeide/plugins/com.st.stm32cube.ide.mcu.externaltools.gnu-tools-for-stm32.9-2020-q2-update.win32_2.0.0.202105311346/tools/bin/../lib/gcc/arm-none-eabi/9.3.1/thumb/v7-m/nofp/crtbegin.o

.ARM.extab      0x000000000800c558        0x0
                0x000000000800c558                . = ALIGN (0x4)
 *(.ARM.extab* .gnu.linkonce.armextab.*)
                0x000000000800c558                . = ALIGN (0x4)

.ARM            0x000000000800c558        0x0
                0x000000000800c558                . = ALIGN (0x4)
                0x000000000800c558                __exidx_start = .
 *(.ARM.exidx*)
                0x000000000800c558                __exidx_end = .
                0x000000000800c558                . = ALIGN (0x4)

.preinit_array  0x000000000800c558        0x0
                0x000000000800c558                . = ALIGN (0x4)
                0x000000000800c558                PROVIDE (__preinit_array_start = .)
 *(.preinit_array*)
                0x000000000800c558                PROVIDE (__preinit_array_end = .)
                0x000000000800c558                . = ALIGN (0x4)

.init_array     0x000000000800c558        0x8
                0x000000000800c558                . = ALIGN (0x4)
                0x000000000800c558                PROVIDE (__init_array_start = .)
 *(SORT_BY_NAME(.init_array.*))
 .init_array.00000
                0x000000000800c558        0x4 c:/st/stm32cubeide_1.6.0/stm32cubeide/plugins/com.st.stm32cube.ide.mcu.externaltools.gnu-tools-for-stm32.9-2020-q2-update.win32_2.0.0.202105311346/tools/bin/../lib/gcc/arm-none-eabi/9.3.1/../../../../arm-none-eabi/lib/thumb/v7-m/nofp\libc.a(lib_a-__call_atexit.o)
 *(.init_array*)
 .init_array    0x000000000800c55c        0x4 c:/st/stm32cubeide_1.6.0/stm32cubeide/plugins/com.st.stm32cube.ide.mcu.externaltools.gnu-tools-for-stm32.9-2020-q2-update.win32_2.0.0.202105311346/tools/bin/../lib/gcc/arm-none-eabi/9.3.1/thumb/v7-m/nofp/crtbegin.o
                0x000000000800c560                PROVIDE (__init_array_end = .)
                0x000000000800c560                . = ALIGN (0x4)

.fini_array     0x000000000800c560        0x4
                0x000000000800c560                . = ALIGN (0x4)
                0x000000000800c560                PROVIDE (__fini_array_start = .)
 *(SORT_BY_NAME(.fini_array.*))
 *(.fini_array*)
 .fini_array    0x000000000800c560        0x4 c:/st/stm32cubeide_1.6.0/stm32cubeide/plugins/com.st.stm32cube.ide.mcu.externaltools.gnu-tools-for-stm32.9-2020-q2-update.win32_2.0.0.202105311346/tools/bin/../lib/gcc/arm-none-eabi/9.3.1/thumb/v7-m/nofp/crtbegin.o
                0x000000000800c564                PROVIDE (__fini_array_end = .)
                0x000000000800c564                . = ALIGN (0x4)
                0x000000000800c564                _sidata = LOADADDR (.data)

.data           0x0000000020000000      0xa50 load address 0x000000000800c564
                0x0000000020000000                . = ALIGN (0x4)
                0x0000000020000000                _sdata = .
 *(.data)
 *(.data*)
 .data.Font_7x10
                0x0000000020000000        0x8 ./Core/Src/fonts.o
                0x0000000020000000                Font_7x10
 .data.Font_9x16
                0x0000000020000008        0x8 ./Core/Src/fonts.o
                0x0000000020000008                Font_9x16
 .data.relleno  0x0000000020000010        0x1 ./Core/Src/ftostr.o
                0x0000000020000010                relleno
 *fill*         0x0000000020000011        0x3 
 .data.logo_temp
                0x0000000020000014      0x400 ./Core/Src/gui.o
                0x0000000020000014                logo_temp
 .data.SystemCoreClock
                0x0000000020000414        0x4 ./Core/Src/system_stm32f1xx.o
                0x0000000020000414                SystemCoreClock
 .data.mjeCom0  0x0000000020000418       0x1a ./Core/Src/tareas.o
                0x0000000020000418                mjeCom0
 *fill*         0x0000000020000432        0x2 
 .data.mjeCom1  0x0000000020000434       0x13 ./Core/Src/tareas.o
                0x0000000020000434                mjeCom1
 *fill*         0x0000000020000447        0x1 
 .data.mjeCom2  0x0000000020000448       0x14 ./Core/Src/tareas.o
                0x0000000020000448                mjeCom2
 .data.mjeCom3  0x000000002000045c       0x12 ./Core/Src/tareas.o
                0x000000002000045c                mjeCom3
 *fill*         0x000000002000046e        0x2 
 .data.mjeCom4  0x0000000020000470       0x12 ./Core/Src/tareas.o
                0x0000000020000470                mjeCom4
 *fill*         0x0000000020000482        0x2 
 .data.mjeCom5  0x0000000020000484       0x15 ./Core/Src/tareas.o
                0x0000000020000484                mjeCom5
 *fill*         0x0000000020000499        0x3 
 .data.mjeCom6  0x000000002000049c       0x15 ./Core/Src/tareas.o
                0x000000002000049c                mjeCom6
 *fill*         0x00000000200004b1        0x3 
 .data.mjeCom7  0x00000000200004b4        0xd ./Core/Src/tareas.o
                0x00000000200004b4                mjeCom7
 *fill*         0x00000000200004c1        0x3 
 .data.mjeComSalida
                0x00000000200004c4       0x15 ./Core/Src/tareas.o
                0x00000000200004c4                mjeComSalida
 *fill*         0x00000000200004d9        0x3 
 .data.mjeComST
                0x00000000200004dc       0x10 ./Core/Src/tareas.o
                0x00000000200004dc                mjeComST
 .data.mjeComTO
                0x00000000200004ec        0xd ./Core/Src/tareas.o
                0x00000000200004ec                mjeComTO
 *fill*         0x00000000200004f9        0x3 
 .data.mjeComOK
                0x00000000200004fc        0x5 ./Core/Src/tareas.o
                0x00000000200004fc                mjeComOK
 *fill*         0x0000000020000501        0x3 
 .data.mjeComUP
                0x0000000020000504        0x5 ./Core/Src/tareas.o
                0x0000000020000504                mjeComUP
 *fill*         0x0000000020000509        0x3 
 .data.mjeComDW
                0x000000002000050c        0x7 ./Core/Src/tareas.o
                0x000000002000050c                mjeComDW
 *fill*         0x0000000020000513        0x1 
 .data.itmBack  0x0000000020000514        0x7 ./Core/Src/tareas.o
 *fill*         0x000000002000051b        0x1 
 .data.itmRoot  0x000000002000051c        0xa ./Core/Src/tareas.o
 *fill*         0x0000000020000526        0x2 
 .data.itmSubmenu1
                0x0000000020000528        0x7 ./Core/Src/tareas.o
 *fill*         0x000000002000052f        0x1 
 .data.itmSubmenu2
                0x0000000020000530        0xe ./Core/Src/tareas.o
 *fill*         0x000000002000053e        0x2 
 .data.itmSubmenu3
                0x0000000020000540        0xe ./Core/Src/tareas.o
 *fill*         0x000000002000054e        0x2 
 .data.itmSubmenu4
                0x0000000020000550        0xd ./Core/Src/tareas.o
 *fill*         0x000000002000055d        0x3 
 .data.itmSubmenu5
                0x0000000020000560        0xd ./Core/Src/tareas.o
 *fill*         0x000000002000056d        0x3 
 .data.itmGC    0x0000000020000570        0x8 ./Core/Src/tareas.o
 .data.itmGF    0x0000000020000578        0xb ./Core/Src/tareas.o
 *fill*         0x0000000020000583        0x1 
 .data.itmT12   0x0000000020000584        0x8 ./Core/Src/tareas.o
 .data.itmT34   0x000000002000058c        0x8 ./Core/Src/tareas.o
 .data.itm1s    0x0000000020000594        0x8 ./Core/Src/tareas.o
 .data.itm3s    0x000000002000059c        0x8 ./Core/Src/tareas.o
 .data.itm5s    0x00000000200005a4        0x8 ./Core/Src/tareas.o
 .data.itm10s   0x00000000200005ac        0x8 ./Core/Src/tareas.o
 .data.mnuRoot  0x00000000200005b4       0x1c ./Core/Src/tareas.o
 .data.cntRoot  0x00000000200005d0        0x1 ./Core/Src/tareas.o
                0x00000000200005d0                cntRoot
 *fill*         0x00000000200005d1        0x3 
 .data.mnuSubmenu1
                0x00000000200005d4       0x10 ./Core/Src/tareas.o
 .data.cntSubmenu1
                0x00000000200005e4        0x1 ./Core/Src/tareas.o
                0x00000000200005e4                cntSubmenu1
 *fill*         0x00000000200005e5        0x3 
 .data.mnuSubmenu2
                0x00000000200005e8       0x10 ./Core/Src/tareas.o
 .data.cntSubmenu2
                0x00000000200005f8        0x1 ./Core/Src/tareas.o
                0x00000000200005f8                cntSubmenu2
 *fill*         0x00000000200005f9        0x3 
 .data.mnuSubmenu3
                0x00000000200005fc       0x18 ./Core/Src/tareas.o
 .data.cntSubmenu3
                0x0000000020000614        0x1 ./Core/Src/tareas.o
                0x0000000020000614                cntSubmenu3
 *fill*         0x0000000020000615        0x3 
 .data.uwTickPrio
                0x0000000020000618        0x4 ./Drivers/STM32F1xx_HAL_Driver/Src/stm32f1xx_hal.o
                0x0000000020000618                uwTickPrio
 .data._impure_ptr
                0x000000002000061c        0x4 c:/st/stm32cubeide_1.6.0/stm32cubeide/plugins/com.st.stm32cube.ide.mcu.externaltools.gnu-tools-for-stm32.9-2020-q2-update.win32_2.0.0.202105311346/tools/bin/../lib/gcc/arm-none-eabi/9.3.1/../../../../arm-none-eabi/lib/thumb/v7-m/nofp\libc.a(lib_a-impure.o)
                0x000000002000061c                _impure_ptr
 .data.impure_data
                0x0000000020000620      0x428 c:/st/stm32cubeide_1.6.0/stm32cubeide/plugins/com.st.stm32cube.ide.mcu.externaltools.gnu-tools-for-stm32.9-2020-q2-update.win32_2.0.0.202105311346/tools/bin/../lib/gcc/arm-none-eabi/9.3.1/../../../../arm-none-eabi/lib/thumb/v7-m/nofp\libc.a(lib_a-impure.o)
 .data.__atexit_recursive_mutex
                0x0000000020000a48        0x4 c:/st/stm32cubeide_1.6.0/stm32cubeide/plugins/com.st.stm32cube.ide.mcu.externaltools.gnu-tools-for-stm32.9-2020-q2-update.win32_2.0.0.202105311346/tools/bin/../lib/gcc/arm-none-eabi/9.3.1/../../../../arm-none-eabi/lib/thumb/v7-m/nofp\libc.a(lib_a-__call_atexit.o)
                0x0000000020000a48                __atexit_recursive_mutex
 .data.__fdlib_version
                0x0000000020000a4c        0x1 c:/st/stm32cubeide_1.6.0/stm32cubeide/plugins/com.st.stm32cube.ide.mcu.externaltools.gnu-tools-for-stm32.9-2020-q2-update.win32_2.0.0.202105311346/tools/bin/../lib/gcc/arm-none-eabi/9.3.1/../../../../arm-none-eabi/lib/thumb/v7-m/nofp\libm.a(lib_a-s_lib_ver.o)
                0x0000000020000a4c                __fdlib_version
                0x0000000020000a50                . = ALIGN (0x4)
 *fill*         0x0000000020000a4d        0x3 
                0x0000000020000a50                _edata = .

.igot.plt       0x0000000020000a50        0x0 load address 0x000000000800cfb4
 .igot.plt      0x0000000020000a50        0x0 c:/st/stm32cubeide_1.6.0/stm32cubeide/plugins/com.st.stm32cube.ide.mcu.externaltools.gnu-tools-for-stm32.9-2020-q2-update.win32_2.0.0.202105311346/tools/bin/../lib/gcc/arm-none-eabi/9.3.1/thumb/v7-m/nofp/crtbegin.o
                0x0000000020000a50                . = ALIGN (0x4)

.bss            0x0000000020000a50     0x3114 load address 0x000000000800cfb4
                0x0000000020000a50                _sbss = .
                0x0000000020000a50                __bss_start__ = _sbss
 *(.bss)
 .bss           0x0000000020000a50       0x1c c:/st/stm32cubeide_1.6.0/stm32cubeide/plugins/com.st.stm32cube.ide.mcu.externaltools.gnu-tools-for-stm32.9-2020-q2-update.win32_2.0.0.202105311346/tools/bin/../lib/gcc/arm-none-eabi/9.3.1/thumb/v7-m/nofp/crtbegin.o
 *(.bss*)
 .bss.DIOTaskStk
                0x0000000020000a6c      0x190 ./Core/Src/DIO.o
 .bss.CtxPerSec
                0x0000000020000bfc        0x1 ./Core/Src/main.o
                0x0000000020000bfc                CtxPerSec
 *fill*         0x0000000020000bfd        0x3 
 .bss.ErrStr    0x0000000020000c00       0x23 ./Core/Src/main.o
                0x0000000020000c00                ErrStr
 .bss.TempSensorCount
                0x0000000020000c23        0x1 ./Core/Src/sensor.o
                0x0000000020000c23                TempSensorCount
 .bss.SSD1306_Buffer
                0x0000000020000c24      0x400 ./Core/Src/ssd1306.o
 .bss.SSD1306   0x0000000020001024        0x6 ./Core/Src/ssd1306.o
 *fill*         0x000000002000102a        0x2 
 .bss.OLEDSem   0x000000002000102c        0x4 ./Core/Src/ssd1306.o
 .bss.OSTmrCtr  0x0000000020001030        0x2 ./Micrium/Software/uCOS-II/Ports/ARM-Cortex-M/ARMv7-M/os_cpu_c.o
 *(COMMON)
 *fill*         0x0000000020001032        0x2 
 COMMON         0x0000000020001034     0x10f4 ./Core/Src/COM.o
                0x0000000020001034                Task3Stk
                0x0000000020001434                Task4Stk
                0x0000000020001744                EscaleMbox
                0x0000000020001748                UARTSem
                0x000000002000174c                StartupTaskStk
                0x0000000020001bac                Task2Stk
                0x0000000020001cec                flag_grp
                0x0000000020001cf0                Task1Stk
                0x0000000020001f70                TaskStatStk
                0x0000000020002060                ModeMbox
                0x0000000020002064                TaskBlinkStk
                0x0000000020002124                FrecMbox
 COMMON         0x0000000020002128       0xb8 ./Core/Src/DIO.o
                0x0000000020002128                DITbl
                0x00000000200021a8                DOTbl
 COMMON         0x00000000200021e0       0x20 ./Core/Src/gui.o
                0x00000000200021e0                guiMenu
 COMMON         0x0000000020002200       0xdd ./Core/Src/main.o
                0x0000000020002200                hi2c1
                0x0000000020002254                huart1
                0x0000000020002294                htim1
                0x00000000200022dc                Led
 *fill*         0x00000000200022dd        0x3 
 COMMON         0x00000000200022e0       0x6c ./Core/Src/sensor.o
                0x00000000200022e0                ds18b20
                0x0000000020002338                OneWire
 COMMON         0x000000002000234c      0x408 ./Micrium/Software/uCOS-II/Ports/ARM-Cortex-M/ARMv7-M/os_cpu_c.o
                0x000000002000234c                OS_CPU_ExceptStkBase
                0x0000000020002350                OS_KA_BASEPRI_Boundary
                0x0000000020002354                OS_CPU_ExceptStk
 COMMON         0x0000000020002754     0x1404 ./Micrium/Software/uCOS-II/Source/os_core.o
                0x0000000020002754                OSTmrFreeList
                0x0000000020002758                OSTmrWheelTbl
                0x0000000020002790                OSLockNesting
                0x0000000020002794                OSTmrSemSignal
                0x0000000020002798                OSTaskRegNextAvailID
                0x0000000020002799                OSRunning
                0x000000002000279c                OSIdleCtr
                0x00000000200027a0                OSTmrUsed
                0x00000000200027a2                OSPrioHighRdy
                0x00000000200027a4                OSFlagTbl
                0x00000000200027f4                OSTmrTbl
                0x0000000020002a74                OSPrioCur
                0x0000000020002a78                OSTCBList
                0x0000000020002a7c                OSMemTbl
                0x0000000020002af4                OSTickStepState
                0x0000000020002af8                OSTaskStatStk
                0x0000000020002cf8                OSCtxSwCtr
                0x0000000020002cfc                OSTmrFree
                0x0000000020002d00                OSIdleCtrMax
                0x0000000020002d04                OSTCBFreeList
                0x0000000020002d08                OSCPUUsage
                0x0000000020002d09                OSTaskCtr
                0x0000000020002d0c                OSMemFreeList
                0x0000000020002d10                OSQTbl
                0x0000000020002d70                OSTCBHighRdy
                0x0000000020002d74                OSQFreeList
                0x0000000020002d78                OSRdyGrp
                0x0000000020002d7c                OSRdyTbl
                0x0000000020002d84                OSTmrTaskStk
                0x0000000020002f84                OSEventFreeList
                0x0000000020002f88                OSIntNesting
                0x0000000020002f8c                OSTCBCur
                0x0000000020002f90                OSTmrTime
                0x0000000020002f94                OSTime
                0x0000000020002f98                OSTmrSem
                0x0000000020002f9c                OSTaskIdleStk
                0x000000002000319c                OSEventTbl
                0x00000000200032bc                OSTCBTbl
                0x0000000020003a4c                OSFlagFreeList
                0x0000000020003a50                OSStatRdy
                0x0000000020003a54                OSTCBPrioTbl
                0x0000000020003b54                OSIdleCtrRun
 COMMON         0x0000000020003b58        0x9 c:/st/stm32cubeide_1.6.0/stm32cubeide/plugins/com.st.stm32cube.ide.mcu.externaltools.gnu-tools-for-stm32.9-2020-q2-update.win32_2.0.0.202105311346/tools/bin/../lib/gcc/arm-none-eabi/9.3.1/../../../../arm-none-eabi/lib/thumb/v7-m/nofp\libc.a(lib_a-lock.o)
                0x0000000020003b58                __lock___atexit_recursive_mutex
                0x0000000020003b59                __lock___arc4random_mutex
                0x0000000020003b5a                __lock___env_recursive_mutex
                0x0000000020003b5b                __lock___sinit_recursive_mutex
                0x0000000020003b5c                __lock___malloc_recursive_mutex
                0x0000000020003b5d                __lock___at_quick_exit_mutex
                0x0000000020003b5e                __lock___dd_hash_mutex
                0x0000000020003b5f                __lock___tz_mutex
                0x0000000020003b60                __lock___sfp_recursive_mutex
                0x0000000020003b64                . = ALIGN (0x4)
 *fill*         0x0000000020003b61        0x3 
                0x0000000020003b64                _ebss = .
                0x0000000020003b64                __bss_end__ = _ebss

._user_heap_stack
                0x0000000020003b64      0x604 load address 0x000000000800cfb4
                0x0000000020003b68                . = ALIGN (0x8)
 *fill*         0x0000000020003b64        0x4 
                0x0000000020003b68                PROVIDE (end = .)
                [!provide]                        PROVIDE (_end = .)
                0x0000000020003d68                . = (. + _Min_Heap_Size)
 *fill*         0x0000000020003b68      0x200 
                0x0000000020004168                . = (. + _Min_Stack_Size)
 *fill*         0x0000000020003d68      0x400 
                0x0000000020004168                . = ALIGN (0x8)

/DISCARD/
 libc.a(*)
 libm.a(*)
 libgcc.a(*)

.ARM.attributes
                0x0000000000000000       0x29
 *(.ARM.attributes)
 .ARM.attributes
                0x0000000000000000       0x1d c:/st/stm32cubeide_1.6.0/stm32cubeide/plugins/com.st.stm32cube.ide.mcu.externaltools.gnu-tools-for-stm32.9-2020-q2-update.win32_2.0.0.202105311346/tools/bin/../lib/gcc/arm-none-eabi/9.3.1/thumb/v7-m/nofp/crti.o
 .ARM.attributes
                0x000000000000001d       0x2d c:/st/stm32cubeide_1.6.0/stm32cubeide/plugins/com.st.stm32cube.ide.mcu.externaltools.gnu-tools-for-stm32.9-2020-q2-update.win32_2.0.0.202105311346/tools/bin/../lib/gcc/arm-none-eabi/9.3.1/thumb/v7-m/nofp/crtbegin.o
 .ARM.attributes
                0x000000000000004a       0x2d ./Core/Src/COM.o
 .ARM.attributes
                0x0000000000000077       0x2d ./Core/Src/DIO.o
 .ARM.attributes
                0x00000000000000a4       0x2d ./Core/Src/fonts.o
 .ARM.attributes
                0x00000000000000d1       0x2d ./Core/Src/ftostr.o
 .ARM.attributes
                0x00000000000000fe       0x2d ./Core/Src/gui.o
 .ARM.attributes
                0x000000000000012b       0x2d ./Core/Src/main.o
 .ARM.attributes
                0x0000000000000158       0x2d ./Core/Src/onewire.o
 .ARM.attributes
                0x0000000000000185       0x2d ./Core/Src/sensor.o
 .ARM.attributes
                0x00000000000001b2       0x2d ./Core/Src/ssd1306.o
 .ARM.attributes
                0x00000000000001df       0x2d ./Core/Src/stm32f1xx_hal_msp.o
 .ARM.attributes
                0x000000000000020c       0x2d ./Core/Src/stm32f1xx_it.o
 .ARM.attributes
                0x0000000000000239       0x2d ./Core/Src/system_stm32f1xx.o
 .ARM.attributes
                0x0000000000000266       0x2d ./Core/Src/tareas.o
 .ARM.attributes
                0x0000000000000293       0x2d ./Core/Src/test.o
 .ARM.attributes
                0x00000000000002c0       0x21 ./Core/Startup/startup_stm32f103c8tx.o
 .ARM.attributes
                0x00000000000002e1       0x2d ./Drivers/STM32F1xx_HAL_Driver/Src/stm32f1xx_hal.o
 .ARM.attributes
                0x000000000000030e       0x2d ./Drivers/STM32F1xx_HAL_Driver/Src/stm32f1xx_hal_cortex.o
 .ARM.attributes
                0x000000000000033b       0x2d ./Drivers/STM32F1xx_HAL_Driver/Src/stm32f1xx_hal_gpio.o
 .ARM.attributes
                0x0000000000000368       0x2d ./Drivers/STM32F1xx_HAL_Driver/Src/stm32f1xx_hal_i2c.o
 .ARM.attributes
                0x0000000000000395       0x2d ./Drivers/STM32F1xx_HAL_Driver/Src/stm32f1xx_hal_rcc.o
 .ARM.attributes
                0x00000000000003c2       0x2d ./Drivers/STM32F1xx_HAL_Driver/Src/stm32f1xx_hal_tim.o
 .ARM.attributes
                0x00000000000003ef       0x2d ./Drivers/STM32F1xx_HAL_Driver/Src/stm32f1xx_hal_tim_ex.o
 .ARM.attributes
                0x000000000000041c       0x2d ./Drivers/STM32F1xx_HAL_Driver/Src/stm32f1xx_hal_uart.o
 .ARM.attributes
                0x0000000000000449       0x1b ./Micrium/Software/uC-CPU/ARM-Cortex-M/ARMv7-M/GNU/cpu_a.o
 .ARM.attributes
                0x0000000000000464       0x2d ./Micrium/Software/uC-CPU/ARM-Cortex-M/ARMv7-M/cpu_c.o
 .ARM.attributes
                0x0000000000000491       0x2d ./Micrium/Software/uC-CPU/cpu_core.o
 .ARM.attributes
                0x00000000000004be       0x1b ./Micrium/Software/uCOS-II/Ports/ARM-Cortex-M/ARMv7-M/GNU/os_cpu_a.o
 .ARM.attributes
                0x00000000000004d9       0x2d ./Micrium/Software/uCOS-II/Ports/ARM-Cortex-M/ARMv7-M/os_cpu_c.o
 .ARM.attributes
                0x0000000000000506       0x2d ./Micrium/Software/uCOS-II/Source/os_core.o
 .ARM.attributes
                0x0000000000000533       0x2d ./Micrium/Software/uCOS-II/Source/os_flag.o
 .ARM.attributes
                0x0000000000000560       0x2d ./Micrium/Software/uCOS-II/Source/os_mbox.o
 .ARM.attributes
                0x000000000000058d       0x2d ./Micrium/Software/uCOS-II/Source/os_mem.o
 .ARM.attributes
                0x00000000000005ba       0x2d ./Micrium/Software/uCOS-II/Source/os_q.o
 .ARM.attributes
                0x00000000000005e7       0x2d ./Micrium/Software/uCOS-II/Source/os_sem.o
 .ARM.attributes
                0x0000000000000614       0x2d ./Micrium/Software/uCOS-II/Source/os_task.o
 .ARM.attributes
                0x0000000000000641       0x2d ./Micrium/Software/uCOS-II/Source/os_time.o
 .ARM.attributes
                0x000000000000066e       0x2d ./Micrium/Software/uCOS-II/Source/os_tmr.o
 .ARM.attributes
                0x000000000000069b       0x2d ./Micrium/Template/OS2/app_hooks.o
 .ARM.attributes
                0x00000000000006c8       0x2d c:/st/stm32cubeide_1.6.0/stm32cubeide/plugins/com.st.stm32cube.ide.mcu.externaltools.gnu-tools-for-stm32.9-2020-q2-update.win32_2.0.0.202105311346/tools/bin/../lib/gcc/arm-none-eabi/9.3.1/../../../../arm-none-eabi/lib/thumb/v7-m/nofp\libc.a(lib_a-errno.o)
 .ARM.attributes